Archive member included to satisfy reference by file (symbol)

c:/intelfpga_lite/18.1/nios2eds/bin/gnu/h-x86_64-mingw32/bin/../lib/gcc/nios2-elf/5.3.0/../../../../../H-x86_64-mingw32/nios2-elf/lib/mno-hw-mul\libsmallc.a(lib_a-printf.o)
                              obj/default/source.o (printf)
c:/intelfpga_lite/18.1/nios2eds/bin/gnu/h-x86_64-mingw32/bin/../lib/gcc/nios2-elf/5.3.0/../../../../../H-x86_64-mingw32/nios2-elf/lib/mno-hw-mul\libsmallc.a(lib_a-puts.o)
                              obj/default/source.o (puts)
c:/intelfpga_lite/18.1/nios2eds/bin/gnu/h-x86_64-mingw32/bin/../lib/gcc/nios2-elf/5.3.0/../../../../../H-x86_64-mingw32/nios2-elf/lib/mno-hw-mul\libsmallc.a(lib_a-strlen.o)
                              c:/intelfpga_lite/18.1/nios2eds/bin/gnu/h-x86_64-mingw32/bin/../lib/gcc/nios2-elf/5.3.0/../../../../../H-x86_64-mingw32/nios2-elf/lib/mno-hw-mul\libsmallc.a(lib_a-puts.o) (strlen)
c:/intelfpga_lite/18.1/nios2eds/bin/gnu/h-x86_64-mingw32/bin/../lib/gcc/nios2-elf/5.3.0/../../../../../H-x86_64-mingw32/nios2-elf/lib/mno-hw-mul\libsmallc.a(lib_a-vfprintf.o)
                              c:/intelfpga_lite/18.1/nios2eds/bin/gnu/h-x86_64-mingw32/bin/../lib/gcc/nios2-elf/5.3.0/../../../../../H-x86_64-mingw32/nios2-elf/lib/mno-hw-mul\libsmallc.a(lib_a-printf.o) (___vfprintf_internal_r)
c:/intelfpga_lite/18.1/nios2eds/bin/gnu/h-x86_64-mingw32/bin/../lib/gcc/nios2-elf/5.3.0/../../../../../H-x86_64-mingw32/nios2-elf/lib/mno-hw-mul\libsmallc.a(lib_a-fvwrite_small_dev.o)
                              c:/intelfpga_lite/18.1/nios2eds/bin/gnu/h-x86_64-mingw32/bin/../lib/gcc/nios2-elf/5.3.0/../../../../../H-x86_64-mingw32/nios2-elf/lib/mno-hw-mul\libsmallc.a(lib_a-printf.o) (__sfvwrite_small_dev)
c:/intelfpga_lite/18.1/nios2eds/bin/gnu/h-x86_64-mingw32/bin/../lib/gcc/nios2-elf/5.3.0/../../../../../H-x86_64-mingw32/nios2-elf/lib/mno-hw-mul\libsmallc.a(lib_a-impure.o)
                              c:/intelfpga_lite/18.1/nios2eds/bin/gnu/h-x86_64-mingw32/bin/../lib/gcc/nios2-elf/5.3.0/../../../../../H-x86_64-mingw32/nios2-elf/lib/mno-hw-mul\libsmallc.a(lib_a-printf.o) (_impure_ptr)
c:/intelfpga_lite/18.1/nios2eds/bin/gnu/h-x86_64-mingw32/bin/../lib/gcc/nios2-elf/5.3.0/../../../../../H-x86_64-mingw32/nios2-elf/lib/mno-hw-mul\libsmallc.a(lib_a-writer.o)
                              c:/intelfpga_lite/18.1/nios2eds/bin/gnu/h-x86_64-mingw32/bin/../lib/gcc/nios2-elf/5.3.0/../../../../../H-x86_64-mingw32/nios2-elf/lib/mno-hw-mul\libsmallc.a(lib_a-fvwrite_small_dev.o) (_write_r)
c:/intelfpga_lite/18.1/nios2eds/bin/gnu/h-x86_64-mingw32/bin/../lib/gcc/nios2-elf/5.3.0/../../../../../H-x86_64-mingw32/nios2-elf/lib/mno-hw-mul\libsmallc.a(lib_a-int_errno.o)
                              c:/intelfpga_lite/18.1/nios2eds/bin/gnu/h-x86_64-mingw32/bin/../lib/gcc/nios2-elf/5.3.0/../../../../../H-x86_64-mingw32/nios2-elf/lib/mno-hw-mul\libsmallc.a(lib_a-writer.o) (errno)
c:/intelfpga_lite/18.1/nios2eds/bin/gnu/h-x86_64-mingw32/bin/../lib/gcc/nios2-elf/5.3.0/mno-hw-mul\libgcc.a(lib2-divmod.o)
                              c:/intelfpga_lite/18.1/nios2eds/bin/gnu/h-x86_64-mingw32/bin/../lib/gcc/nios2-elf/5.3.0/../../../../../H-x86_64-mingw32/nios2-elf/lib/mno-hw-mul\libsmallc.a(lib_a-vfprintf.o) (__udivsi3)
c:/intelfpga_lite/18.1/nios2eds/bin/gnu/h-x86_64-mingw32/bin/../lib/gcc/nios2-elf/5.3.0/mno-hw-mul\libgcc.a(lib2-mul.o)
                              c:/intelfpga_lite/18.1/nios2eds/bin/gnu/h-x86_64-mingw32/bin/../lib/gcc/nios2-elf/5.3.0/../../../../../H-x86_64-mingw32/nios2-elf/lib/mno-hw-mul\libsmallc.a(lib_a-vfprintf.o) (__mulsi3)
../spi_bsp/\libhal_bsp.a(alt_load.o)
                              ../spi_bsp//obj/HAL/src/crt0.o (alt_load)
../spi_bsp/\libhal_bsp.a(alt_main.o)
                              ../spi_bsp//obj/HAL/src/crt0.o (alt_main)
../spi_bsp/\libhal_bsp.a(alt_usleep.o)
                              obj/default/source.o (usleep)
../spi_bsp/\libhal_bsp.a(alt_write.o)
                              c:/intelfpga_lite/18.1/nios2eds/bin/gnu/h-x86_64-mingw32/bin/../lib/gcc/nios2-elf/5.3.0/../../../../../H-x86_64-mingw32/nios2-elf/lib/mno-hw-mul\libsmallc.a(lib_a-writer.o) (write)
../spi_bsp/\libhal_bsp.a(alt_sys_init.o)
                              ../spi_bsp/\libhal_bsp.a(alt_main.o) (alt_irq_init)
../spi_bsp/\libhal_bsp.a(altera_avalon_jtag_uart_fd.o)
                              ../spi_bsp/\libhal_bsp.a(alt_sys_init.o) (altera_avalon_jtag_uart_read_fd)
../spi_bsp/\libhal_bsp.a(altera_avalon_jtag_uart_read.o)
                              ../spi_bsp/\libhal_bsp.a(altera_avalon_jtag_uart_fd.o) (altera_avalon_jtag_uart_read)
../spi_bsp/\libhal_bsp.a(altera_avalon_jtag_uart_write.o)
                              ../spi_bsp/\libhal_bsp.a(altera_avalon_jtag_uart_fd.o) (altera_avalon_jtag_uart_write)
../spi_bsp/\libhal_bsp.a(alt_busy_sleep.o)
                              ../spi_bsp/\libhal_bsp.a(alt_usleep.o) (alt_busy_sleep)
../spi_bsp/\libhal_bsp.a(alt_close.o)
                              ../spi_bsp/\libhal_bsp.a(alt_main.o) (close)
../spi_bsp/\libhal_bsp.a(alt_dcache_flush_all.o)
                              ../spi_bsp/\libhal_bsp.a(alt_load.o) (alt_dcache_flush_all)
../spi_bsp/\libhal_bsp.a(alt_dev.o)
                              ../spi_bsp/\libhal_bsp.a(alt_sys_init.o) (alt_dev_list)
../spi_bsp/\libhal_bsp.a(alt_dev_llist_insert.o)
                              ../spi_bsp/\libhal_bsp.a(alt_sys_init.o) (alt_dev_llist_insert)
../spi_bsp/\libhal_bsp.a(alt_do_ctors.o)
                              ../spi_bsp/\libhal_bsp.a(alt_main.o) (_do_ctors)
../spi_bsp/\libhal_bsp.a(alt_do_dtors.o)
                              ../spi_bsp/\libhal_bsp.a(alt_main.o) (_do_dtors)
../spi_bsp/\libhal_bsp.a(alt_errno.o)
                              ../spi_bsp/\libhal_bsp.a(alt_write.o) (alt_errno)
../spi_bsp/\libhal_bsp.a(alt_icache_flush_all.o)
                              ../spi_bsp/\libhal_bsp.a(alt_load.o) (alt_icache_flush_all)
../spi_bsp/\libhal_bsp.a(alt_io_redirect.o)
                              ../spi_bsp/\libhal_bsp.a(alt_main.o) (alt_io_redirect)
../spi_bsp/\libhal_bsp.a(alt_open.o)
                              ../spi_bsp/\libhal_bsp.a(alt_io_redirect.o) (open)
../spi_bsp/\libhal_bsp.a(alt_release_fd.o)
                              ../spi_bsp/\libhal_bsp.a(alt_close.o) (alt_release_fd)
../spi_bsp/\libhal_bsp.a(altera_nios2_gen2_irq.o)
                              ../spi_bsp/\libhal_bsp.a(alt_sys_init.o) (altera_nios2_gen2_irq_init)
../spi_bsp/\libhal_bsp.a(alt_find_dev.o)
                              ../spi_bsp/\libhal_bsp.a(alt_open.o) (alt_find_dev)
../spi_bsp/\libhal_bsp.a(alt_find_file.o)
                              ../spi_bsp/\libhal_bsp.a(alt_open.o) (alt_find_file)
../spi_bsp/\libhal_bsp.a(alt_get_fd.o)
                              ../spi_bsp/\libhal_bsp.a(alt_open.o) (alt_get_fd)
c:/intelfpga_lite/18.1/nios2eds/bin/gnu/h-x86_64-mingw32/bin/../lib/gcc/nios2-elf/5.3.0/../../../../../H-x86_64-mingw32/nios2-elf/lib/mno-hw-mul\libsmallc.a(lib_a-atexit.o)
                              ../spi_bsp/\libhal_bsp.a(alt_main.o) (atexit)
c:/intelfpga_lite/18.1/nios2eds/bin/gnu/h-x86_64-mingw32/bin/../lib/gcc/nios2-elf/5.3.0/../../../../../H-x86_64-mingw32/nios2-elf/lib/mno-hw-mul\libsmallc.a(lib_a-exit.o)
                              ../spi_bsp/\libhal_bsp.a(alt_main.o) (exit)
c:/intelfpga_lite/18.1/nios2eds/bin/gnu/h-x86_64-mingw32/bin/../lib/gcc/nios2-elf/5.3.0/../../../../../H-x86_64-mingw32/nios2-elf/lib/mno-hw-mul\libsmallc.a(lib_a-memcmp.o)
                              ../spi_bsp/\libhal_bsp.a(alt_find_dev.o) (memcmp)
c:/intelfpga_lite/18.1/nios2eds/bin/gnu/h-x86_64-mingw32/bin/../lib/gcc/nios2-elf/5.3.0/../../../../../H-x86_64-mingw32/nios2-elf/lib/mno-hw-mul\libsmallc.a(lib_a-__atexit.o)
                              c:/intelfpga_lite/18.1/nios2eds/bin/gnu/h-x86_64-mingw32/bin/../lib/gcc/nios2-elf/5.3.0/../../../../../H-x86_64-mingw32/nios2-elf/lib/mno-hw-mul\libsmallc.a(lib_a-atexit.o) (__register_exitproc)
c:/intelfpga_lite/18.1/nios2eds/bin/gnu/h-x86_64-mingw32/bin/../lib/gcc/nios2-elf/5.3.0/../../../../../H-x86_64-mingw32/nios2-elf/lib/mno-hw-mul\libsmallc.a(lib_a-__call_atexit.o)
                              c:/intelfpga_lite/18.1/nios2eds/bin/gnu/h-x86_64-mingw32/bin/../lib/gcc/nios2-elf/5.3.0/../../../../../H-x86_64-mingw32/nios2-elf/lib/mno-hw-mul\libsmallc.a(lib_a-exit.o) (__call_exitprocs)
../spi_bsp/\libhal_bsp.a(alt_exit.o)
                              c:/intelfpga_lite/18.1/nios2eds/bin/gnu/h-x86_64-mingw32/bin/../lib/gcc/nios2-elf/5.3.0/../../../../../H-x86_64-mingw32/nios2-elf/lib/mno-hw-mul\libsmallc.a(lib_a-exit.o) (_exit)

Allocating common symbols
Common symbol       size              file

errno               0x4               c:/intelfpga_lite/18.1/nios2eds/bin/gnu/h-x86_64-mingw32/bin/../lib/gcc/nios2-elf/5.3.0/../../../../../H-x86_64-mingw32/nios2-elf/lib/mno-hw-mul\libsmallc.a(lib_a-int_errno.o)

Memory Configuration

Name             Origin             Length             Attributes
reset            0x0000000000008000 0x0000000000000020
onchip_memory2_0 0x0000000000008020 0x0000000000007fe0
*default*        0x0000000000000000 0xffffffffffffffff

Linker script and memory map

LOAD ../spi_bsp//obj/HAL/src/crt0.o
LOAD obj/default/source.o
LOAD c:/intelfpga_lite/18.1/nios2eds/bin/gnu/h-x86_64-mingw32/bin/../lib/gcc/nios2-elf/5.3.0/../../../../../H-x86_64-mingw32/nios2-elf/lib/mno-hw-mul\libstdc++.a
LOAD c:/intelfpga_lite/18.1/nios2eds/bin/gnu/h-x86_64-mingw32/bin/../lib/gcc/nios2-elf/5.3.0/../../../../../H-x86_64-mingw32/nios2-elf/lib/mno-hw-mul\libm.a
LOAD c:/intelfpga_lite/18.1/nios2eds/bin/gnu/h-x86_64-mingw32/bin/../lib/gcc/nios2-elf/5.3.0/mno-hw-mul\libgcc.a
START GROUP
LOAD c:/intelfpga_lite/18.1/nios2eds/bin/gnu/h-x86_64-mingw32/bin/../lib/gcc/nios2-elf/5.3.0/../../../../../H-x86_64-mingw32/nios2-elf/lib/mno-hw-mul\libsmallc.a
LOAD c:/intelfpga_lite/18.1/nios2eds/bin/gnu/h-x86_64-mingw32/bin/../lib/gcc/nios2-elf/5.3.0/mno-hw-mul\libgcc.a
LOAD ../spi_bsp/\libhal_bsp.a
LOAD c:/intelfpga_lite/18.1/nios2eds/bin/gnu/h-x86_64-mingw32/bin/../lib/gcc/nios2-elf/5.3.0/../../../../../H-x86_64-mingw32/nios2-elf/lib/mno-hw-mul\libm.a
END GROUP
LOAD c:/intelfpga_lite/18.1/nios2eds/bin/gnu/h-x86_64-mingw32/bin/../lib/gcc/nios2-elf/5.3.0/mno-hw-mul\libgcc.a
                0x0000000000008000                __alt_mem_onchip_memory2_0 = 0x8000

.entry          0x0000000000008000       0x20
 *(.entry)
 .entry         0x0000000000008000       0x20 ../spi_bsp//obj/HAL/src/crt0.o
                0x0000000000008000                __reset

.exceptions     0x0000000000008020        0x0
                0x0000000000008020                PROVIDE (__ram_exceptions_start, ABSOLUTE (.))
                0x0000000000008020                . = ALIGN (0x20)
 *(.irq)
 *(.exceptions.entry.label)
 *(.exceptions.entry.user)
 *(.exceptions.entry.ecc_fatal)
 *(.exceptions.entry)
 *(.exceptions.irqtest.user)
 *(.exceptions.irqtest)
 *(.exceptions.irqhandler.user)
 *(.exceptions.irqhandler)
 *(.exceptions.irqreturn.user)
 *(.exceptions.irqreturn)
 *(.exceptions.notirq.label)
 *(.exceptions.notirq.user)
 *(.exceptions.notirq)
 *(.exceptions.soft.user)
 *(.exceptions.soft)
 *(.exceptions.unknown.user)
 *(.exceptions.unknown)
 *(.exceptions.exit.label)
 *(.exceptions.exit.user)
 *(.exceptions.exit)
 *(.exceptions)
                0x0000000000008020                PROVIDE (__ram_exceptions_end, ABSOLUTE (.))
                0x0000000000008020                PROVIDE (__flash_exceptions_start, LOADADDR (.exceptions))

.text           0x0000000000008020     0x1f88
                [!provide]                        PROVIDE (stext, ABSOLUTE (.))
 *(.interp)
 *(.hash)
 *(.dynsym)
 *(.dynstr)
 *(.gnu.version)
 *(.gnu.version_d)
 *(.gnu.version_r)
 *(.rel.init)
 *(.rela.init)
 *(.rel.text .rel.text.* .rel.gnu.linkonce.t.*)
 *(.rela.text .rela.text.* .rela.gnu.linkonce.t.*)
 *(.rel.fini)
 *(.rela.fini)
 *(.rel.rodata .rel.rodata.* .rel.gnu.linkonce.r.*)
 *(.rela.rodata .rela.rodata.* .rela.gnu.linkonce.r.*)
 *(.rel.data .rel.data.* .rel.gnu.linkonce.d.*)
 *(.rela.data .rela.data.* .rela.gnu.linkonce.d.*)
 *(.rel.tdata .rel.tdata.* .rel.gnu.linkonce.td.*)
 *(.rela.tdata .rela.tdata.* .rela.gnu.linkonce.td.*)
 *(.rel.tbss .rel.tbss.* .rel.gnu.linkonce.tb.*)
 *(.rela.tbss .rela.tbss.* .rela.gnu.linkonce.tb.*)
 *(.rel.ctors)
 *(.rela.ctors)
 *(.rel.dtors)
 *(.rela.dtors)
 *(.rel.got)
 *(.rela.got)
 *(.rel.sdata .rel.sdata.* .rel.gnu.linkonce.s.*)
 *(.rela.sdata .rela.sdata.* .rela.gnu.linkonce.s.*)
 *(.rel.sbss .rel.sbss.* .rel.gnu.linkonce.sb.*)
 *(.rela.sbss .rela.sbss.* .rela.gnu.linkonce.sb.*)
 *(.rel.sdata2 .rel.sdata2.* .rel.gnu.linkonce.s2.*)
 *(.rela.sdata2 .rela.sdata2.* .rela.gnu.linkonce.s2.*)
 *(.rel.sbss2 .rel.sbss2.* .rel.gnu.linkonce.sb2.*)
 *(.rela.sbss2 .rela.sbss2.* .rela.gnu.linkonce.sb2.*)
 *(.rel.bss .rel.bss.* .rel.gnu.linkonce.b.*)
 *(.rela.bss .rela.bss.* .rela.gnu.linkonce.b.*)
 *(.rel.plt)
 *(.rela.plt)
 *(.rel.dyn)
 *(.init)
 *(.plt)
 *(.text .stub .text.* .gnu.linkonce.t.*)
 .text          0x0000000000008020       0x1c ../spi_bsp//obj/HAL/src/crt0.o
                0x0000000000008020                _start
 .text          0x000000000000803c      0x22c obj/default/source.o
                0x000000000000803c                main
 .text          0x0000000000008268        0x0 c:/intelfpga_lite/18.1/nios2eds/bin/gnu/h-x86_64-mingw32/bin/../lib/gcc/nios2-elf/5.3.0/../../../../../H-x86_64-mingw32/nios2-elf/lib/mno-hw-mul\libsmallc.a(lib_a-printf.o)
 .text._printf_r
                0x0000000000008268       0x3c c:/intelfpga_lite/18.1/nios2eds/bin/gnu/h-x86_64-mingw32/bin/../lib/gcc/nios2-elf/5.3.0/../../../../../H-x86_64-mingw32/nios2-elf/lib/mno-hw-mul\libsmallc.a(lib_a-printf.o)
                0x0000000000008268                _printf_r
 .text.printf   0x00000000000082a4       0x4c c:/intelfpga_lite/18.1/nios2eds/bin/gnu/h-x86_64-mingw32/bin/../lib/gcc/nios2-elf/5.3.0/../../../../../H-x86_64-mingw32/nios2-elf/lib/mno-hw-mul\libsmallc.a(lib_a-printf.o)
                0x00000000000082a4                printf
 .text          0x00000000000082f0        0x0 c:/intelfpga_lite/18.1/nios2eds/bin/gnu/h-x86_64-mingw32/bin/../lib/gcc/nios2-elf/5.3.0/../../../../../H-x86_64-mingw32/nios2-elf/lib/mno-hw-mul\libsmallc.a(lib_a-puts.o)
 .text._puts_r  0x00000000000082f0       0x80 c:/intelfpga_lite/18.1/nios2eds/bin/gnu/h-x86_64-mingw32/bin/../lib/gcc/nios2-elf/5.3.0/../../../../../H-x86_64-mingw32/nios2-elf/lib/mno-hw-mul\libsmallc.a(lib_a-puts.o)
                0x00000000000082f0                _puts_r
 .text.puts     0x0000000000008370       0x14 c:/intelfpga_lite/18.1/nios2eds/bin/gnu/h-x86_64-mingw32/bin/../lib/gcc/nios2-elf/5.3.0/../../../../../H-x86_64-mingw32/nios2-elf/lib/mno-hw-mul\libsmallc.a(lib_a-puts.o)
                0x0000000000008370                puts
 .text          0x0000000000008384        0x0 c:/intelfpga_lite/18.1/nios2eds/bin/gnu/h-x86_64-mingw32/bin/../lib/gcc/nios2-elf/5.3.0/../../../../../H-x86_64-mingw32/nios2-elf/lib/mno-hw-mul\libsmallc.a(lib_a-strlen.o)
 .text.strlen   0x0000000000008384       0x1c c:/intelfpga_lite/18.1/nios2eds/bin/gnu/h-x86_64-mingw32/bin/../lib/gcc/nios2-elf/5.3.0/../../../../../H-x86_64-mingw32/nios2-elf/lib/mno-hw-mul\libsmallc.a(lib_a-strlen.o)
                0x0000000000008384                strlen
 .text          0x00000000000083a0        0x0 c:/intelfpga_lite/18.1/nios2eds/bin/gnu/h-x86_64-mingw32/bin/../lib/gcc/nios2-elf/5.3.0/../../../../../H-x86_64-mingw32/nios2-elf/lib/mno-hw-mul\libsmallc.a(lib_a-vfprintf.o)
 .text.print_repeat
                0x00000000000083a0       0x6c c:/intelfpga_lite/18.1/nios2eds/bin/gnu/h-x86_64-mingw32/bin/../lib/gcc/nios2-elf/5.3.0/../../../../../H-x86_64-mingw32/nios2-elf/lib/mno-hw-mul\libsmallc.a(lib_a-vfprintf.o)
 .text.___vfprintf_internal_r
                0x000000000000840c      0x52c c:/intelfpga_lite/18.1/nios2eds/bin/gnu/h-x86_64-mingw32/bin/../lib/gcc/nios2-elf/5.3.0/../../../../../H-x86_64-mingw32/nios2-elf/lib/mno-hw-mul\libsmallc.a(lib_a-vfprintf.o)
                0x000000000000840c                ___vfprintf_internal_r
 .text.__vfprintf_internal
                0x0000000000008938       0x1c c:/intelfpga_lite/18.1/nios2eds/bin/gnu/h-x86_64-mingw32/bin/../lib/gcc/nios2-elf/5.3.0/../../../../../H-x86_64-mingw32/nios2-elf/lib/mno-hw-mul\libsmallc.a(lib_a-vfprintf.o)
                0x0000000000008938                __vfprintf_internal
 .text          0x0000000000008954        0x0 c:/intelfpga_lite/18.1/nios2eds/bin/gnu/h-x86_64-mingw32/bin/../lib/gcc/nios2-elf/5.3.0/../../../../../H-x86_64-mingw32/nios2-elf/lib/mno-hw-mul\libsmallc.a(lib_a-fvwrite_small_dev.o)
 .text.__sfvwrite_small_dev
                0x0000000000008954       0xb8 c:/intelfpga_lite/18.1/nios2eds/bin/gnu/h-x86_64-mingw32/bin/../lib/gcc/nios2-elf/5.3.0/../../../../../H-x86_64-mingw32/nios2-elf/lib/mno-hw-mul\libsmallc.a(lib_a-fvwrite_small_dev.o)
                0x0000000000008954                __sfvwrite_small_dev
 .text          0x0000000000008a0c        0x0 c:/intelfpga_lite/18.1/nios2eds/bin/gnu/h-x86_64-mingw32/bin/../lib/gcc/nios2-elf/5.3.0/../../../../../H-x86_64-mingw32/nios2-elf/lib/mno-hw-mul\libsmallc.a(lib_a-impure.o)
 .text          0x0000000000008a0c        0x0 c:/intelfpga_lite/18.1/nios2eds/bin/gnu/h-x86_64-mingw32/bin/../lib/gcc/nios2-elf/5.3.0/../../../../../H-x86_64-mingw32/nios2-elf/lib/mno-hw-mul\libsmallc.a(lib_a-writer.o)
 .text._write_r
                0x0000000000008a0c       0x58 c:/intelfpga_lite/18.1/nios2eds/bin/gnu/h-x86_64-mingw32/bin/../lib/gcc/nios2-elf/5.3.0/../../../../../H-x86_64-mingw32/nios2-elf/lib/mno-hw-mul\libsmallc.a(lib_a-writer.o)
                0x0000000000008a0c                _write_r
 .text          0x0000000000008a64        0x0 c:/intelfpga_lite/18.1/nios2eds/bin/gnu/h-x86_64-mingw32/bin/../lib/gcc/nios2-elf/5.3.0/../../../../../H-x86_64-mingw32/nios2-elf/lib/mno-hw-mul\libsmallc.a(lib_a-int_errno.o)
 .text          0x0000000000008a64      0x1b4 c:/intelfpga_lite/18.1/nios2eds/bin/gnu/h-x86_64-mingw32/bin/../lib/gcc/nios2-elf/5.3.0/mno-hw-mul\libgcc.a(lib2-divmod.o)
                0x0000000000008a64                __divsi3
                0x0000000000008ae8                __modsi3
                0x0000000000008b5c                __udivsi3
                0x0000000000008bc0                __umodsi3
 .text          0x0000000000008c18       0x28 c:/intelfpga_lite/18.1/nios2eds/bin/gnu/h-x86_64-mingw32/bin/../lib/gcc/nios2-elf/5.3.0/mno-hw-mul\libgcc.a(lib2-mul.o)
                0x0000000000008c18                __mulsi3
 .text          0x0000000000008c40       0xec ../spi_bsp/\libhal_bsp.a(alt_load.o)
                0x0000000000008ca8                alt_load
 .text          0x0000000000008d2c       0x7c ../spi_bsp/\libhal_bsp.a(alt_main.o)
                0x0000000000008d2c                alt_main
 .text          0x0000000000008da8       0x30 ../spi_bsp/\libhal_bsp.a(alt_usleep.o)
                0x0000000000008da8                usleep
 .text          0x0000000000008dd8      0x13c ../spi_bsp/\libhal_bsp.a(alt_write.o)
                0x0000000000008e14                write
 .text          0x0000000000008f14       0xa8 ../spi_bsp/\libhal_bsp.a(alt_sys_init.o)
                0x0000000000008f48                alt_irq_init
                0x0000000000008f80                alt_sys_init
 .text          0x0000000000008fbc       0xc0 ../spi_bsp/\libhal_bsp.a(altera_avalon_jtag_uart_fd.o)
                0x0000000000008fbc                altera_avalon_jtag_uart_read_fd
                0x000000000000901c                altera_avalon_jtag_uart_write_fd
 .text          0x000000000000907c       0xec ../spi_bsp/\libhal_bsp.a(altera_avalon_jtag_uart_read.o)
                0x000000000000907c                altera_avalon_jtag_uart_read
 .text          0x0000000000009168       0x94 ../spi_bsp/\libhal_bsp.a(altera_avalon_jtag_uart_write.o)
                0x0000000000009168                altera_avalon_jtag_uart_write
 .text          0x00000000000091fc       0x24 ../spi_bsp/\libhal_bsp.a(alt_busy_sleep.o)
                0x00000000000091fc                alt_busy_sleep
 .text          0x0000000000009220      0x114 ../spi_bsp/\libhal_bsp.a(alt_close.o)
                0x000000000000925c                close
 .text          0x0000000000009334       0x20 ../spi_bsp/\libhal_bsp.a(alt_dcache_flush_all.o)
                0x0000000000009334                alt_dcache_flush_all
 .text          0x0000000000009354       0x2c ../spi_bsp/\libhal_bsp.a(alt_dev.o)
 .text          0x0000000000009380       0xe0 ../spi_bsp/\libhal_bsp.a(alt_dev_llist_insert.o)
                0x00000000000093bc                alt_dev_llist_insert
 .text          0x0000000000009460       0x60 ../spi_bsp/\libhal_bsp.a(alt_do_ctors.o)
                0x0000000000009460                _do_ctors
 .text          0x00000000000094c0       0x60 ../spi_bsp/\libhal_bsp.a(alt_do_dtors.o)
                0x00000000000094c0                _do_dtors
 .text          0x0000000000009520        0x0 ../spi_bsp/\libhal_bsp.a(alt_errno.o)
 .text          0x0000000000009520       0x20 ../spi_bsp/\libhal_bsp.a(alt_icache_flush_all.o)
                0x0000000000009520                alt_icache_flush_all
 .text          0x0000000000009540      0x160 ../spi_bsp/\libhal_bsp.a(alt_io_redirect.o)
                0x0000000000009624                alt_io_redirect
 .text          0x00000000000096a0      0x284 ../spi_bsp/\libhal_bsp.a(alt_open.o)
                0x00000000000097c8                open
 .text          0x0000000000009924       0x84 ../spi_bsp/\libhal_bsp.a(alt_release_fd.o)
                0x0000000000009924                alt_release_fd
 .text          0x00000000000099a8       0x24 ../spi_bsp/\libhal_bsp.a(altera_nios2_gen2_irq.o)
                0x00000000000099a8                altera_nios2_gen2_irq_init
 .text          0x00000000000099cc       0x90 ../spi_bsp/\libhal_bsp.a(alt_find_dev.o)
                0x00000000000099cc                alt_find_dev
 .text          0x0000000000009a5c      0x108 ../spi_bsp/\libhal_bsp.a(alt_find_file.o)
                0x0000000000009a5c                alt_find_file
 .text          0x0000000000009b64       0xc4 ../spi_bsp/\libhal_bsp.a(alt_get_fd.o)
                0x0000000000009b64                alt_get_fd
 .text          0x0000000000009c28        0x0 c:/intelfpga_lite/18.1/nios2eds/bin/gnu/h-x86_64-mingw32/bin/../lib/gcc/nios2-elf/5.3.0/../../../../../H-x86_64-mingw32/nios2-elf/lib/mno-hw-mul\libsmallc.a(lib_a-atexit.o)
 .text.atexit   0x0000000000009c28       0x14 c:/intelfpga_lite/18.1/nios2eds/bin/gnu/h-x86_64-mingw32/bin/../lib/gcc/nios2-elf/5.3.0/../../../../../H-x86_64-mingw32/nios2-elf/lib/mno-hw-mul\libsmallc.a(lib_a-atexit.o)
                0x0000000000009c28                atexit
 .text          0x0000000000009c3c        0x0 c:/intelfpga_lite/18.1/nios2eds/bin/gnu/h-x86_64-mingw32/bin/../lib/gcc/nios2-elf/5.3.0/../../../../../H-x86_64-mingw32/nios2-elf/lib/mno-hw-mul\libsmallc.a(lib_a-exit.o)
 .text.exit     0x0000000000009c3c       0x20 c:/intelfpga_lite/18.1/nios2eds/bin/gnu/h-x86_64-mingw32/bin/../lib/gcc/nios2-elf/5.3.0/../../../../../H-x86_64-mingw32/nios2-elf/lib/mno-hw-mul\libsmallc.a(lib_a-exit.o)
                0x0000000000009c3c                exit
 .text          0x0000000000009c5c        0x0 c:/intelfpga_lite/18.1/nios2eds/bin/gnu/h-x86_64-mingw32/bin/../lib/gcc/nios2-elf/5.3.0/../../../../../H-x86_64-mingw32/nios2-elf/lib/mno-hw-mul\libsmallc.a(lib_a-memcmp.o)
 .text.memcmp   0x0000000000009c5c       0x30 c:/intelfpga_lite/18.1/nios2eds/bin/gnu/h-x86_64-mingw32/bin/../lib/gcc/nios2-elf/5.3.0/../../../../../H-x86_64-mingw32/nios2-elf/lib/mno-hw-mul\libsmallc.a(lib_a-memcmp.o)
                0x0000000000009c5c                memcmp
 .text          0x0000000000009c8c        0x0 c:/intelfpga_lite/18.1/nios2eds/bin/gnu/h-x86_64-mingw32/bin/../lib/gcc/nios2-elf/5.3.0/../../../../../H-x86_64-mingw32/nios2-elf/lib/mno-hw-mul\libsmallc.a(lib_a-__atexit.o)
 .text.__register_exitproc
                0x0000000000009c8c      0x158 c:/intelfpga_lite/18.1/nios2eds/bin/gnu/h-x86_64-mingw32/bin/../lib/gcc/nios2-elf/5.3.0/../../../../../H-x86_64-mingw32/nios2-elf/lib/mno-hw-mul\libsmallc.a(lib_a-__atexit.o)
                0x0000000000009c8c                __register_exitproc
 .text          0x0000000000009de4        0x0 c:/intelfpga_lite/18.1/nios2eds/bin/gnu/h-x86_64-mingw32/bin/../lib/gcc/nios2-elf/5.3.0/../../../../../H-x86_64-mingw32/nios2-elf/lib/mno-hw-mul\libsmallc.a(lib_a-__call_atexit.o)
 .text.__call_exitprocs
                0x0000000000009de4      0x190 c:/intelfpga_lite/18.1/nios2eds/bin/gnu/h-x86_64-mingw32/bin/../lib/gcc/nios2-elf/5.3.0/../../../../../H-x86_64-mingw32/nios2-elf/lib/mno-hw-mul\libsmallc.a(lib_a-__call_atexit.o)
                0x0000000000009de4                __call_exitprocs
 .text          0x0000000000009f74       0x34 ../spi_bsp/\libhal_bsp.a(alt_exit.o)
                0x0000000000009f74                _exit
 *(.gnu.warning.*)
 *(.fini)
                [!provide]                        PROVIDE (__etext, ABSOLUTE (.))
                [!provide]                        PROVIDE (_etext, ABSOLUTE (.))
                [!provide]                        PROVIDE (etext, ABSOLUTE (.))
 *(.eh_frame_hdr)
                0x0000000000009fa8                . = ALIGN (0x4)
                [!provide]                        PROVIDE (__preinit_array_start, ABSOLUTE (.))
 *(.preinit_array)
                [!provide]                        PROVIDE (__preinit_array_end, ABSOLUTE (.))
                [!provide]                        PROVIDE (__init_array_start, ABSOLUTE (.))
 *(.init_array)
                [!provide]                        PROVIDE (__init_array_end, ABSOLUTE (.))
                [!provide]                        PROVIDE (__fini_array_start, ABSOLUTE (.))
 *(.fini_array)
                [!provide]                        PROVIDE (__fini_array_end, ABSOLUTE (.))
 *(.eh_frame)
 *(.gcc_except_table .gcc_except_table.*)
 *(.dynamic)
                0x0000000000009fa8                PROVIDE (__CTOR_LIST__, ABSOLUTE (.))
 *(.ctors)
 *(SORT(.ctors.*))
                0x0000000000009fa8                PROVIDE (__CTOR_END__, ABSOLUTE (.))
                0x0000000000009fa8                PROVIDE (__DTOR_LIST__, ABSOLUTE (.))
 *(.dtors)
 *(SORT(.dtors.*))
                0x0000000000009fa8                PROVIDE (__DTOR_END__, ABSOLUTE (.))
 *(.jcr)
                0x0000000000009fa8                . = ALIGN (0x4)

.rodata         0x0000000000009fa8       0x90
                0x0000000000009fa8                PROVIDE (__ram_rodata_start, ABSOLUTE (.))
                0x0000000000009fa8                . = ALIGN (0x4)
 *(.rodata .rodata.* .gnu.linkonce.r.*)
 .rodata        0x0000000000009fa8       0x58 obj/default/source.o
 .rodata.str1.4
                0x000000000000a000        0x4 c:/intelfpga_lite/18.1/nios2eds/bin/gnu/h-x86_64-mingw32/bin/../lib/gcc/nios2-elf/5.3.0/../../../../../H-x86_64-mingw32/nios2-elf/lib/mno-hw-mul\libsmallc.a(lib_a-puts.o)
                                          0x2 (size before relaxing)
 .rodata        0x000000000000a004       0x11 ../spi_bsp/\libhal_bsp.a(alt_main.o)
 *fill*         0x000000000000a015        0x3 
 .rodata        0x000000000000a018       0x11 ../spi_bsp/\libhal_bsp.a(alt_sys_init.o)
 *fill*         0x000000000000a029        0x3 
 .rodata        0x000000000000a02c        0xa ../spi_bsp/\libhal_bsp.a(alt_dev.o)
 *(.rodata1)
                0x000000000000a038                . = ALIGN (0x4)
 *fill*         0x000000000000a036        0x2 
                0x000000000000a038                PROVIDE (__ram_rodata_end, ABSOLUTE (.))
                0x0000000000009fa8                PROVIDE (__flash_rodata_start, LOADADDR (.rodata))

.rwdata         0x000000000000a038      0x2d4 load address 0x000000000000a30c
                0x000000000000a038                PROVIDE (__ram_rwdata_start, ABSOLUTE (.))
                0x000000000000a038                . = ALIGN (0x4)
 *(.got.plt)
 *(.got)
 *(.data1)
 *(.data .data.* .gnu.linkonce.d.*)
 .data          0x000000000000a038        0x0 ../spi_bsp//obj/HAL/src/crt0.o
 .data          0x000000000000a038        0x0 obj/default/source.o
 .data          0x000000000000a038        0x0 c:/intelfpga_lite/18.1/nios2eds/bin/gnu/h-x86_64-mingw32/bin/../lib/gcc/nios2-elf/5.3.0/../../../../../H-x86_64-mingw32/nios2-elf/lib/mno-hw-mul\libsmallc.a(lib_a-printf.o)
 .data          0x000000000000a038        0x0 c:/intelfpga_lite/18.1/nios2eds/bin/gnu/h-x86_64-mingw32/bin/../lib/gcc/nios2-elf/5.3.0/../../../../../H-x86_64-mingw32/nios2-elf/lib/mno-hw-mul\libsmallc.a(lib_a-puts.o)
 .data          0x000000000000a038        0x0 c:/intelfpga_lite/18.1/nios2eds/bin/gnu/h-x86_64-mingw32/bin/../lib/gcc/nios2-elf/5.3.0/../../../../../H-x86_64-mingw32/nios2-elf/lib/mno-hw-mul\libsmallc.a(lib_a-strlen.o)
 .data          0x000000000000a038        0x0 c:/intelfpga_lite/18.1/nios2eds/bin/gnu/h-x86_64-mingw32/bin/../lib/gcc/nios2-elf/5.3.0/../../../../../H-x86_64-mingw32/nios2-elf/lib/mno-hw-mul\libsmallc.a(lib_a-vfprintf.o)
 .data          0x000000000000a038        0x0 c:/intelfpga_lite/18.1/nios2eds/bin/gnu/h-x86_64-mingw32/bin/../lib/gcc/nios2-elf/5.3.0/../../../../../H-x86_64-mingw32/nios2-elf/lib/mno-hw-mul\libsmallc.a(lib_a-fvwrite_small_dev.o)
 .data          0x000000000000a038        0x0 c:/intelfpga_lite/18.1/nios2eds/bin/gnu/h-x86_64-mingw32/bin/../lib/gcc/nios2-elf/5.3.0/../../../../../H-x86_64-mingw32/nios2-elf/lib/mno-hw-mul\libsmallc.a(lib_a-impure.o)
 .data.impure_data
                0x000000000000a038       0xe0 c:/intelfpga_lite/18.1/nios2eds/bin/gnu/h-x86_64-mingw32/bin/../lib/gcc/nios2-elf/5.3.0/../../../../../H-x86_64-mingw32/nios2-elf/lib/mno-hw-mul\libsmallc.a(lib_a-impure.o)
 .data          0x000000000000a118        0x0 c:/intelfpga_lite/18.1/nios2eds/bin/gnu/h-x86_64-mingw32/bin/../lib/gcc/nios2-elf/5.3.0/../../../../../H-x86_64-mingw32/nios2-elf/lib/mno-hw-mul\libsmallc.a(lib_a-writer.o)
 .data          0x000000000000a118        0x0 c:/intelfpga_lite/18.1/nios2eds/bin/gnu/h-x86_64-mingw32/bin/../lib/gcc/nios2-elf/5.3.0/../../../../../H-x86_64-mingw32/nios2-elf/lib/mno-hw-mul\libsmallc.a(lib_a-int_errno.o)
 .data          0x000000000000a118        0x0 c:/intelfpga_lite/18.1/nios2eds/bin/gnu/h-x86_64-mingw32/bin/../lib/gcc/nios2-elf/5.3.0/mno-hw-mul\libgcc.a(lib2-divmod.o)
 .data          0x000000000000a118        0x0 c:/intelfpga_lite/18.1/nios2eds/bin/gnu/h-x86_64-mingw32/bin/../lib/gcc/nios2-elf/5.3.0/mno-hw-mul\libgcc.a(lib2-mul.o)
 .data          0x000000000000a118        0x0 ../spi_bsp/\libhal_bsp.a(alt_load.o)
 .data          0x000000000000a118        0x0 ../spi_bsp/\libhal_bsp.a(alt_main.o)
 .data          0x000000000000a118        0x0 ../spi_bsp/\libhal_bsp.a(alt_usleep.o)
 .data          0x000000000000a118        0x0 ../spi_bsp/\libhal_bsp.a(alt_write.o)
 .data          0x000000000000a118       0x2c ../spi_bsp/\libhal_bsp.a(alt_sys_init.o)
 .data          0x000000000000a144        0x0 ../spi_bsp/\libhal_bsp.a(altera_avalon_jtag_uart_fd.o)
 .data          0x000000000000a144        0x0 ../spi_bsp/\libhal_bsp.a(altera_avalon_jtag_uart_read.o)
 .data          0x000000000000a144        0x0 ../spi_bsp/\libhal_bsp.a(altera_avalon_jtag_uart_write.o)
 .data          0x000000000000a144        0x0 ../spi_bsp/\libhal_bsp.a(alt_busy_sleep.o)
 .data          0x000000000000a144        0x0 ../spi_bsp/\libhal_bsp.a(alt_close.o)
 .data          0x000000000000a144        0x0 ../spi_bsp/\libhal_bsp.a(alt_dcache_flush_all.o)
 .data          0x000000000000a144      0x1a8 ../spi_bsp/\libhal_bsp.a(alt_dev.o)
                0x000000000000a144                alt_dev_null
                0x000000000000a16c                alt_fd_list
 .data          0x000000000000a2ec        0x0 ../spi_bsp/\libhal_bsp.a(alt_dev_llist_insert.o)
 .data          0x000000000000a2ec        0x0 ../spi_bsp/\libhal_bsp.a(alt_do_ctors.o)
 .data          0x000000000000a2ec        0x0 ../spi_bsp/\libhal_bsp.a(alt_do_dtors.o)
 .data          0x000000000000a2ec        0x0 ../spi_bsp/\libhal_bsp.a(alt_errno.o)
 .data          0x000000000000a2ec        0x0 ../spi_bsp/\libhal_bsp.a(alt_icache_flush_all.o)
 .data          0x000000000000a2ec        0x0 ../spi_bsp/\libhal_bsp.a(alt_io_redirect.o)
 .data          0x000000000000a2ec        0x0 ../spi_bsp/\libhal_bsp.a(alt_open.o)
 .data          0x000000000000a2ec        0x0 ../spi_bsp/\libhal_bsp.a(alt_release_fd.o)
 .data          0x000000000000a2ec        0x0 ../spi_bsp/\libhal_bsp.a(altera_nios2_gen2_irq.o)
 .data          0x000000000000a2ec        0x0 ../spi_bsp/\libhal_bsp.a(alt_find_dev.o)
 .data          0x000000000000a2ec        0x0 ../spi_bsp/\libhal_bsp.a(alt_find_file.o)
 .data          0x000000000000a2ec        0x0 ../spi_bsp/\libhal_bsp.a(alt_get_fd.o)
 .data          0x000000000000a2ec        0x0 c:/intelfpga_lite/18.1/nios2eds/bin/gnu/h-x86_64-mingw32/bin/../lib/gcc/nios2-elf/5.3.0/../../../../../H-x86_64-mingw32/nios2-elf/lib/mno-hw-mul\libsmallc.a(lib_a-atexit.o)
 .data          0x000000000000a2ec        0x0 c:/intelfpga_lite/18.1/nios2eds/bin/gnu/h-x86_64-mingw32/bin/../lib/gcc/nios2-elf/5.3.0/../../../../../H-x86_64-mingw32/nios2-elf/lib/mno-hw-mul\libsmallc.a(lib_a-exit.o)
 .data          0x000000000000a2ec        0x0 c:/intelfpga_lite/18.1/nios2eds/bin/gnu/h-x86_64-mingw32/bin/../lib/gcc/nios2-elf/5.3.0/../../../../../H-x86_64-mingw32/nios2-elf/lib/mno-hw-mul\libsmallc.a(lib_a-memcmp.o)
 .data          0x000000000000a2ec        0x0 c:/intelfpga_lite/18.1/nios2eds/bin/gnu/h-x86_64-mingw32/bin/../lib/gcc/nios2-elf/5.3.0/../../../../../H-x86_64-mingw32/nios2-elf/lib/mno-hw-mul\libsmallc.a(lib_a-__atexit.o)
 .data          0x000000000000a2ec        0x0 c:/intelfpga_lite/18.1/nios2eds/bin/gnu/h-x86_64-mingw32/bin/../lib/gcc/nios2-elf/5.3.0/../../../../../H-x86_64-mingw32/nios2-elf/lib/mno-hw-mul\libsmallc.a(lib_a-__call_atexit.o)
 .data          0x000000000000a2ec        0x0 ../spi_bsp/\libhal_bsp.a(alt_exit.o)
                0x00000000000122ec                _gp = ABSOLUTE ((. + 0x8000))
                [!provide]                        PROVIDE (gp, _gp)
 *(.rwdata .rwdata.*)
 *(.sdata .sdata.* .gnu.linkonce.s.*)
 .sdata._global_impure_ptr
                0x000000000000a2ec        0x4 c:/intelfpga_lite/18.1/nios2eds/bin/gnu/h-x86_64-mingw32/bin/../lib/gcc/nios2-elf/5.3.0/../../../../../H-x86_64-mingw32/nios2-elf/lib/mno-hw-mul\libsmallc.a(lib_a-impure.o)
                0x000000000000a2ec                _global_impure_ptr
 .sdata._impure_ptr
                0x000000000000a2f0        0x4 c:/intelfpga_lite/18.1/nios2eds/bin/gnu/h-x86_64-mingw32/bin/../lib/gcc/nios2-elf/5.3.0/../../../../../H-x86_64-mingw32/nios2-elf/lib/mno-hw-mul\libsmallc.a(lib_a-impure.o)
                0x000000000000a2f0                _impure_ptr
 .sdata         0x000000000000a2f4       0x14 ../spi_bsp/\libhal_bsp.a(alt_dev.o)
                0x000000000000a2f4                alt_fs_list
                0x000000000000a2fc                alt_dev_list
                0x000000000000a304                alt_max_fd
 .sdata         0x000000000000a308        0x4 ../spi_bsp/\libhal_bsp.a(alt_errno.o)
                0x000000000000a308                alt_errno
 *(.sdata2 .sdata2.* .gnu.linkonce.s2.*)
                0x000000000000a30c                . = ALIGN (0x4)
                0x000000000000a30c                _edata = ABSOLUTE (.)
                [!provide]                        PROVIDE (edata, ABSOLUTE (.))
                0x000000000000a30c                PROVIDE (__ram_rwdata_end, ABSOLUTE (.))
                0x000000000000a30c                PROVIDE (__flash_rwdata_start, LOADADDR (.rwdata))

.bss            0x000000000000a5e0       0x10
                0x000000000000a5e0                __bss_start = ABSOLUTE (.)
                [!provide]                        PROVIDE (__sbss_start, ABSOLUTE (.))
                [!provide]                        PROVIDE (___sbss_start, ABSOLUTE (.))
 *(.dynsbss)
 *(.sbss .sbss.* .gnu.linkonce.sb.*)
 .sbss          0x000000000000a5e0        0x4 c:/intelfpga_lite/18.1/nios2eds/bin/gnu/h-x86_64-mingw32/bin/../lib/gcc/nios2-elf/5.3.0/../../../../../H-x86_64-mingw32/nios2-elf/lib/mno-hw-mul\libsmallc.a(lib_a-int_errno.o)
                0x000000000000a5e0                errno
 .sbss          0x000000000000a5e4        0xc ../spi_bsp/\libhal_bsp.a(alt_main.o)
                0x000000000000a5e4                alt_argc
                0x000000000000a5e8                alt_argv
                0x000000000000a5ec                alt_envp
 *(.sbss2 .sbss2.* .gnu.linkonce.sb2.*)
 *(.scommon)
                [!provide]                        PROVIDE (__sbss_end, ABSOLUTE (.))
                [!provide]                        PROVIDE (___sbss_end, ABSOLUTE (.))
 *(.dynbss)
 *(.bss .bss.* .gnu.linkonce.b.*)
 .bss           0x000000000000a5f0        0x0 ../spi_bsp//obj/HAL/src/crt0.o
 .bss           0x000000000000a5f0        0x0 obj/default/source.o
 .bss           0x000000000000a5f0        0x0 c:/intelfpga_lite/18.1/nios2eds/bin/gnu/h-x86_64-mingw32/bin/../lib/gcc/nios2-elf/5.3.0/../../../../../H-x86_64-mingw32/nios2-elf/lib/mno-hw-mul\libsmallc.a(lib_a-printf.o)
 .bss           0x000000000000a5f0        0x0 c:/intelfpga_lite/18.1/nios2eds/bin/gnu/h-x86_64-mingw32/bin/../lib/gcc/nios2-elf/5.3.0/../../../../../H-x86_64-mingw32/nios2-elf/lib/mno-hw-mul\libsmallc.a(lib_a-puts.o)
 .bss           0x000000000000a5f0        0x0 c:/intelfpga_lite/18.1/nios2eds/bin/gnu/h-x86_64-mingw32/bin/../lib/gcc/nios2-elf/5.3.0/../../../../../H-x86_64-mingw32/nios2-elf/lib/mno-hw-mul\libsmallc.a(lib_a-strlen.o)
 .bss           0x000000000000a5f0        0x0 c:/intelfpga_lite/18.1/nios2eds/bin/gnu/h-x86_64-mingw32/bin/../lib/gcc/nios2-elf/5.3.0/../../../../../H-x86_64-mingw32/nios2-elf/lib/mno-hw-mul\libsmallc.a(lib_a-vfprintf.o)
 .bss           0x000000000000a5f0        0x0 c:/intelfpga_lite/18.1/nios2eds/bin/gnu/h-x86_64-mingw32/bin/../lib/gcc/nios2-elf/5.3.0/../../../../../H-x86_64-mingw32/nios2-elf/lib/mno-hw-mul\libsmallc.a(lib_a-fvwrite_small_dev.o)
 .bss           0x000000000000a5f0        0x0 c:/intelfpga_lite/18.1/nios2eds/bin/gnu/h-x86_64-mingw32/bin/../lib/gcc/nios2-elf/5.3.0/../../../../../H-x86_64-mingw32/nios2-elf/lib/mno-hw-mul\libsmallc.a(lib_a-impure.o)
 .bss           0x000000000000a5f0        0x0 c:/intelfpga_lite/18.1/nios2eds/bin/gnu/h-x86_64-mingw32/bin/../lib/gcc/nios2-elf/5.3.0/../../../../../H-x86_64-mingw32/nios2-elf/lib/mno-hw-mul\libsmallc.a(lib_a-writer.o)
 .bss           0x000000000000a5f0        0x0 c:/intelfpga_lite/18.1/nios2eds/bin/gnu/h-x86_64-mingw32/bin/../lib/gcc/nios2-elf/5.3.0/../../../../../H-x86_64-mingw32/nios2-elf/lib/mno-hw-mul\libsmallc.a(lib_a-int_errno.o)
 .bss           0x000000000000a5f0        0x0 c:/intelfpga_lite/18.1/nios2eds/bin/gnu/h-x86_64-mingw32/bin/../lib/gcc/nios2-elf/5.3.0/mno-hw-mul\libgcc.a(lib2-divmod.o)
 .bss           0x000000000000a5f0        0x0 c:/intelfpga_lite/18.1/nios2eds/bin/gnu/h-x86_64-mingw32/bin/../lib/gcc/nios2-elf/5.3.0/mno-hw-mul\libgcc.a(lib2-mul.o)
 .bss           0x000000000000a5f0        0x0 ../spi_bsp/\libhal_bsp.a(alt_load.o)
 .bss           0x000000000000a5f0        0x0 ../spi_bsp/\libhal_bsp.a(alt_main.o)
 .bss           0x000000000000a5f0        0x0 ../spi_bsp/\libhal_bsp.a(alt_usleep.o)
 .bss           0x000000000000a5f0        0x0 ../spi_bsp/\libhal_bsp.a(alt_write.o)
 .bss           0x000000000000a5f0        0x0 ../spi_bsp/\libhal_bsp.a(alt_sys_init.o)
 .bss           0x000000000000a5f0        0x0 ../spi_bsp/\libhal_bsp.a(altera_avalon_jtag_uart_fd.o)
 .bss           0x000000000000a5f0        0x0 ../spi_bsp/\libhal_bsp.a(altera_avalon_jtag_uart_read.o)
 .bss           0x000000000000a5f0        0x0 ../spi_bsp/\libhal_bsp.a(altera_avalon_jtag_uart_write.o)
 .bss           0x000000000000a5f0        0x0 ../spi_bsp/\libhal_bsp.a(alt_busy_sleep.o)
 .bss           0x000000000000a5f0        0x0 ../spi_bsp/\libhal_bsp.a(alt_close.o)
 .bss           0x000000000000a5f0        0x0 ../spi_bsp/\libhal_bsp.a(alt_dcache_flush_all.o)
 .bss           0x000000000000a5f0        0x0 ../spi_bsp/\libhal_bsp.a(alt_dev.o)
 .bss           0x000000000000a5f0        0x0 ../spi_bsp/\libhal_bsp.a(alt_dev_llist_insert.o)
 .bss           0x000000000000a5f0        0x0 ../spi_bsp/\libhal_bsp.a(alt_do_ctors.o)
 .bss           0x000000000000a5f0        0x0 ../spi_bsp/\libhal_bsp.a(alt_do_dtors.o)
 .bss           0x000000000000a5f0        0x0 ../spi_bsp/\libhal_bsp.a(alt_errno.o)
 .bss           0x000000000000a5f0        0x0 ../spi_bsp/\libhal_bsp.a(alt_icache_flush_all.o)
 .bss           0x000000000000a5f0        0x0 ../spi_bsp/\libhal_bsp.a(alt_io_redirect.o)
 .bss           0x000000000000a5f0        0x0 ../spi_bsp/\libhal_bsp.a(alt_open.o)
 .bss           0x000000000000a5f0        0x0 ../spi_bsp/\libhal_bsp.a(alt_release_fd.o)
 .bss           0x000000000000a5f0        0x0 ../spi_bsp/\libhal_bsp.a(altera_nios2_gen2_irq.o)
 .bss           0x000000000000a5f0        0x0 ../spi_bsp/\libhal_bsp.a(alt_find_dev.o)
 .bss           0x000000000000a5f0        0x0 ../spi_bsp/\libhal_bsp.a(alt_find_file.o)
 .bss           0x000000000000a5f0        0x0 ../spi_bsp/\libhal_bsp.a(alt_get_fd.o)
 .bss           0x000000000000a5f0        0x0 c:/intelfpga_lite/18.1/nios2eds/bin/gnu/h-x86_64-mingw32/bin/../lib/gcc/nios2-elf/5.3.0/../../../../../H-x86_64-mingw32/nios2-elf/lib/mno-hw-mul\libsmallc.a(lib_a-atexit.o)
 .bss           0x000000000000a5f0        0x0 c:/intelfpga_lite/18.1/nios2eds/bin/gnu/h-x86_64-mingw32/bin/../lib/gcc/nios2-elf/5.3.0/../../../../../H-x86_64-mingw32/nios2-elf/lib/mno-hw-mul\libsmallc.a(lib_a-exit.o)
 .bss           0x000000000000a5f0        0x0 c:/intelfpga_lite/18.1/nios2eds/bin/gnu/h-x86_64-mingw32/bin/../lib/gcc/nios2-elf/5.3.0/../../../../../H-x86_64-mingw32/nios2-elf/lib/mno-hw-mul\libsmallc.a(lib_a-memcmp.o)
 .bss           0x000000000000a5f0        0x0 c:/intelfpga_lite/18.1/nios2eds/bin/gnu/h-x86_64-mingw32/bin/../lib/gcc/nios2-elf/5.3.0/../../../../../H-x86_64-mingw32/nios2-elf/lib/mno-hw-mul\libsmallc.a(lib_a-__atexit.o)
 .bss           0x000000000000a5f0        0x0 c:/intelfpga_lite/18.1/nios2eds/bin/gnu/h-x86_64-mingw32/bin/../lib/gcc/nios2-elf/5.3.0/../../../../../H-x86_64-mingw32/nios2-elf/lib/mno-hw-mul\libsmallc.a(lib_a-__call_atexit.o)
 .bss           0x000000000000a5f0        0x0 ../spi_bsp/\libhal_bsp.a(alt_exit.o)
 *(COMMON)
                0x000000000000a5f0                . = ALIGN (0x4)
                0x000000000000a5f0                __bss_end = ABSOLUTE (.)

.onchip_memory2_0
                0x000000000000a5f0        0x0
                [!provide]                        PROVIDE (_alt_partition_onchip_memory2_0_start, ABSOLUTE (.))
 *(.onchip_memory2_0 .onchip_memory2_0. onchip_memory2_0.*)
                0x000000000000a5f0                . = ALIGN (0x4)
                [!provide]                        PROVIDE (_alt_partition_onchip_memory2_0_end, ABSOLUTE (.))
                0x000000000000a5f0                _end = ABSOLUTE (.)
                0x000000000000a5f0                end = ABSOLUTE (.)
                0x000000000000a5f0                __alt_stack_base = ABSOLUTE (.)
                [!provide]                        PROVIDE (_alt_partition_onchip_memory2_0_load_addr, LOADADDR (.onchip_memory2_0))

.stab
 *(.stab)

.stabstr
 *(.stabstr)

.stab.excl
 *(.stab.excl)

.stab.exclstr
 *(.stab.exclstr)

.stab.index
 *(.stab.index)

.stab.indexstr
 *(.stab.indexstr)

.comment        0x0000000000000000       0x23
 *(.comment)
 .comment       0x0000000000000000       0x23 obj/default/source.o
                                         0x24 (size before relaxing)
 .comment       0x0000000000000023       0x24 c:/intelfpga_lite/18.1/nios2eds/bin/gnu/h-x86_64-mingw32/bin/../lib/gcc/nios2-elf/5.3.0/../../../../../H-x86_64-mingw32/nios2-elf/lib/mno-hw-mul\libsmallc.a(lib_a-printf.o)
 .comment       0x0000000000000023       0x24 c:/intelfpga_lite/18.1/nios2eds/bin/gnu/h-x86_64-mingw32/bin/../lib/gcc/nios2-elf/5.3.0/../../../../../H-x86_64-mingw32/nios2-elf/lib/mno-hw-mul\libsmallc.a(lib_a-puts.o)
 .comment       0x0000000000000023       0x24 c:/intelfpga_lite/18.1/nios2eds/bin/gnu/h-x86_64-mingw32/bin/../lib/gcc/nios2-elf/5.3.0/../../../../../H-x86_64-mingw32/nios2-elf/lib/mno-hw-mul\libsmallc.a(lib_a-strlen.o)
 .comment       0x0000000000000023       0x24 c:/intelfpga_lite/18.1/nios2eds/bin/gnu/h-x86_64-mingw32/bin/../lib/gcc/nios2-elf/5.3.0/../../../../../H-x86_64-mingw32/nios2-elf/lib/mno-hw-mul\libsmallc.a(lib_a-vfprintf.o)
 .comment       0x0000000000000023       0x24 c:/intelfpga_lite/18.1/nios2eds/bin/gnu/h-x86_64-mingw32/bin/../lib/gcc/nios2-elf/5.3.0/../../../../../H-x86_64-mingw32/nios2-elf/lib/mno-hw-mul\libsmallc.a(lib_a-fvwrite_small_dev.o)
 .comment       0x0000000000000023       0x24 c:/intelfpga_lite/18.1/nios2eds/bin/gnu/h-x86_64-mingw32/bin/../lib/gcc/nios2-elf/5.3.0/../../../../../H-x86_64-mingw32/nios2-elf/lib/mno-hw-mul\libsmallc.a(lib_a-impure.o)
 .comment       0x0000000000000023       0x24 c:/intelfpga_lite/18.1/nios2eds/bin/gnu/h-x86_64-mingw32/bin/../lib/gcc/nios2-elf/5.3.0/../../../../../H-x86_64-mingw32/nios2-elf/lib/mno-hw-mul\libsmallc.a(lib_a-writer.o)
 .comment       0x0000000000000023       0x24 c:/intelfpga_lite/18.1/nios2eds/bin/gnu/h-x86_64-mingw32/bin/../lib/gcc/nios2-elf/5.3.0/../../../../../H-x86_64-mingw32/nios2-elf/lib/mno-hw-mul\libsmallc.a(lib_a-int_errno.o)
 .comment       0x0000000000000023       0x24 c:/intelfpga_lite/18.1/nios2eds/bin/gnu/h-x86_64-mingw32/bin/../lib/gcc/nios2-elf/5.3.0/mno-hw-mul\libgcc.a(lib2-divmod.o)
 .comment       0x0000000000000023       0x24 c:/intelfpga_lite/18.1/nios2eds/bin/gnu/h-x86_64-mingw32/bin/../lib/gcc/nios2-elf/5.3.0/mno-hw-mul\libgcc.a(lib2-mul.o)
 .comment       0x0000000000000023       0x24 ../spi_bsp/\libhal_bsp.a(alt_load.o)
 .comment       0x0000000000000023       0x24 ../spi_bsp/\libhal_bsp.a(alt_main.o)
 .comment       0x0000000000000023       0x24 ../spi_bsp/\libhal_bsp.a(alt_usleep.o)
 .comment       0x0000000000000023       0x24 ../spi_bsp/\libhal_bsp.a(alt_write.o)
 .comment       0x0000000000000023       0x24 ../spi_bsp/\libhal_bsp.a(alt_sys_init.o)
 .comment       0x0000000000000023       0x24 ../spi_bsp/\libhal_bsp.a(altera_avalon_jtag_uart_fd.o)
 .comment       0x0000000000000023       0x24 ../spi_bsp/\libhal_bsp.a(altera_avalon_jtag_uart_read.o)
 .comment       0x0000000000000023       0x24 ../spi_bsp/\libhal_bsp.a(altera_avalon_jtag_uart_write.o)
 .comment       0x0000000000000023       0x24 ../spi_bsp/\libhal_bsp.a(alt_busy_sleep.o)
 .comment       0x0000000000000023       0x24 ../spi_bsp/\libhal_bsp.a(alt_close.o)
 .comment       0x0000000000000023       0x24 ../spi_bsp/\libhal_bsp.a(alt_dcache_flush_all.o)
 .comment       0x0000000000000023       0x24 ../spi_bsp/\libhal_bsp.a(alt_dev.o)
 .comment       0x0000000000000023       0x24 ../spi_bsp/\libhal_bsp.a(alt_dev_llist_insert.o)
 .comment       0x0000000000000023       0x24 ../spi_bsp/\libhal_bsp.a(alt_do_ctors.o)
 .comment       0x0000000000000023       0x24 ../spi_bsp/\libhal_bsp.a(alt_do_dtors.o)
 .comment       0x0000000000000023       0x24 ../spi_bsp/\libhal_bsp.a(alt_errno.o)
 .comment       0x0000000000000023       0x24 ../spi_bsp/\libhal_bsp.a(alt_icache_flush_all.o)
 .comment       0x0000000000000023       0x24 ../spi_bsp/\libhal_bsp.a(alt_io_redirect.o)
 .comment       0x0000000000000023       0x24 ../spi_bsp/\libhal_bsp.a(alt_open.o)
 .comment       0x0000000000000023       0x24 ../spi_bsp/\libhal_bsp.a(alt_release_fd.o)
 .comment       0x0000000000000023       0x24 ../spi_bsp/\libhal_bsp.a(altera_nios2_gen2_irq.o)
 .comment       0x0000000000000023       0x24 ../spi_bsp/\libhal_bsp.a(alt_find_dev.o)
 .comment       0x0000000000000023       0x24 ../spi_bsp/\libhal_bsp.a(alt_find_file.o)
 .comment       0x0000000000000023       0x24 ../spi_bsp/\libhal_bsp.a(alt_get_fd.o)
 .comment       0x0000000000000023       0x24 c:/intelfpga_lite/18.1/nios2eds/bin/gnu/h-x86_64-mingw32/bin/../lib/gcc/nios2-elf/5.3.0/../../../../../H-x86_64-mingw32/nios2-elf/lib/mno-hw-mul\libsmallc.a(lib_a-atexit.o)
 .comment       0x0000000000000023       0x24 c:/intelfpga_lite/18.1/nios2eds/bin/gnu/h-x86_64-mingw32/bin/../lib/gcc/nios2-elf/5.3.0/../../../../../H-x86_64-mingw32/nios2-elf/lib/mno-hw-mul\libsmallc.a(lib_a-exit.o)
 .comment       0x0000000000000023       0x24 c:/intelfpga_lite/18.1/nios2eds/bin/gnu/h-x86_64-mingw32/bin/../lib/gcc/nios2-elf/5.3.0/../../../../../H-x86_64-mingw32/nios2-elf/lib/mno-hw-mul\libsmallc.a(lib_a-memcmp.o)
 .comment       0x0000000000000023       0x24 c:/intelfpga_lite/18.1/nios2eds/bin/gnu/h-x86_64-mingw32/bin/../lib/gcc/nios2-elf/5.3.0/../../../../../H-x86_64-mingw32/nios2-elf/lib/mno-hw-mul\libsmallc.a(lib_a-__atexit.o)
 .comment       0x0000000000000023       0x24 c:/intelfpga_lite/18.1/nios2eds/bin/gnu/h-x86_64-mingw32/bin/../lib/gcc/nios2-elf/5.3.0/../../../../../H-x86_64-mingw32/nios2-elf/lib/mno-hw-mul\libsmallc.a(lib_a-__call_atexit.o)
 .comment       0x0000000000000023       0x24 ../spi_bsp/\libhal_bsp.a(alt_exit.o)

.debug
 *(.debug)

.line
 *(.line)

.debug_srcinfo
 *(.debug_srcinfo)

.debug_sfnames
 *(.debug_sfnames)

.debug_aranges  0x0000000000000000      0x550
 *(.debug_aranges)
 .debug_aranges
                0x0000000000000000       0x28 ../spi_bsp//obj/HAL/src/crt0.o
 .debug_aranges
                0x0000000000000028       0x20 obj/default/source.o
 .debug_aranges
                0x0000000000000048       0x28 c:/intelfpga_lite/18.1/nios2eds/bin/gnu/h-x86_64-mingw32/bin/../lib/gcc/nios2-elf/5.3.0/../../../../../H-x86_64-mingw32/nios2-elf/lib/mno-hw-mul\libsmallc.a(lib_a-printf.o)
 .debug_aranges
                0x0000000000000070       0x28 c:/intelfpga_lite/18.1/nios2eds/bin/gnu/h-x86_64-mingw32/bin/../lib/gcc/nios2-elf/5.3.0/../../../../../H-x86_64-mingw32/nios2-elf/lib/mno-hw-mul\libsmallc.a(lib_a-puts.o)
 .debug_aranges
                0x0000000000000098       0x20 c:/intelfpga_lite/18.1/nios2eds/bin/gnu/h-x86_64-mingw32/bin/../lib/gcc/nios2-elf/5.3.0/../../../../../H-x86_64-mingw32/nios2-elf/lib/mno-hw-mul\libsmallc.a(lib_a-strlen.o)
 .debug_aranges
                0x00000000000000b8       0x30 c:/intelfpga_lite/18.1/nios2eds/bin/gnu/h-x86_64-mingw32/bin/../lib/gcc/nios2-elf/5.3.0/../../../../../H-x86_64-mingw32/nios2-elf/lib/mno-hw-mul\libsmallc.a(lib_a-vfprintf.o)
 .debug_aranges
                0x00000000000000e8       0x20 c:/intelfpga_lite/18.1/nios2eds/bin/gnu/h-x86_64-mingw32/bin/../lib/gcc/nios2-elf/5.3.0/../../../../../H-x86_64-mingw32/nios2-elf/lib/mno-hw-mul\libsmallc.a(lib_a-fvwrite_small_dev.o)
 .debug_aranges
                0x0000000000000108       0x18 c:/intelfpga_lite/18.1/nios2eds/bin/gnu/h-x86_64-mingw32/bin/../lib/gcc/nios2-elf/5.3.0/../../../../../H-x86_64-mingw32/nios2-elf/lib/mno-hw-mul\libsmallc.a(lib_a-impure.o)
 .debug_aranges
                0x0000000000000120       0x20 c:/intelfpga_lite/18.1/nios2eds/bin/gnu/h-x86_64-mingw32/bin/../lib/gcc/nios2-elf/5.3.0/../../../../../H-x86_64-mingw32/nios2-elf/lib/mno-hw-mul\libsmallc.a(lib_a-writer.o)
 .debug_aranges
                0x0000000000000140       0x18 c:/intelfpga_lite/18.1/nios2eds/bin/gnu/h-x86_64-mingw32/bin/../lib/gcc/nios2-elf/5.3.0/../../../../../H-x86_64-mingw32/nios2-elf/lib/mno-hw-mul\libsmallc.a(lib_a-int_errno.o)
 .debug_aranges
                0x0000000000000158       0x20 c:/intelfpga_lite/18.1/nios2eds/bin/gnu/h-x86_64-mingw32/bin/../lib/gcc/nios2-elf/5.3.0/mno-hw-mul\libgcc.a(lib2-divmod.o)
 .debug_aranges
                0x0000000000000178       0x20 c:/intelfpga_lite/18.1/nios2eds/bin/gnu/h-x86_64-mingw32/bin/../lib/gcc/nios2-elf/5.3.0/mno-hw-mul\libgcc.a(lib2-mul.o)
 .debug_aranges
                0x0000000000000198       0x20 ../spi_bsp/\libhal_bsp.a(alt_load.o)
 .debug_aranges
                0x00000000000001b8       0x20 ../spi_bsp/\libhal_bsp.a(alt_main.o)
 .debug_aranges
                0x00000000000001d8       0x20 ../spi_bsp/\libhal_bsp.a(alt_usleep.o)
 .debug_aranges
                0x00000000000001f8       0x20 ../spi_bsp/\libhal_bsp.a(alt_write.o)
 .debug_aranges
                0x0000000000000218       0x20 ../spi_bsp/\libhal_bsp.a(alt_sys_init.o)
 .debug_aranges
                0x0000000000000238       0x20 ../spi_bsp/\libhal_bsp.a(altera_avalon_jtag_uart_fd.o)
 .debug_aranges
                0x0000000000000258       0x20 ../spi_bsp/\libhal_bsp.a(altera_avalon_jtag_uart_read.o)
 .debug_aranges
                0x0000000000000278       0x20 ../spi_bsp/\libhal_bsp.a(altera_avalon_jtag_uart_write.o)
 .debug_aranges
                0x0000000000000298       0x20 ../spi_bsp/\libhal_bsp.a(alt_busy_sleep.o)
 .debug_aranges
                0x00000000000002b8       0x20 ../spi_bsp/\libhal_bsp.a(alt_close.o)
 .debug_aranges
                0x00000000000002d8       0x20 ../spi_bsp/\libhal_bsp.a(alt_dcache_flush_all.o)
 .debug_aranges
                0x00000000000002f8       0x20 ../spi_bsp/\libhal_bsp.a(alt_dev.o)
 .debug_aranges
                0x0000000000000318       0x20 ../spi_bsp/\libhal_bsp.a(alt_dev_llist_insert.o)
 .debug_aranges
                0x0000000000000338       0x20 ../spi_bsp/\libhal_bsp.a(alt_do_ctors.o)
 .debug_aranges
                0x0000000000000358       0x20 ../spi_bsp/\libhal_bsp.a(alt_do_dtors.o)
 .debug_aranges
                0x0000000000000378       0x18 ../spi_bsp/\libhal_bsp.a(alt_errno.o)
 .debug_aranges
                0x0000000000000390       0x20 ../spi_bsp/\libhal_bsp.a(alt_icache_flush_all.o)
 .debug_aranges
                0x00000000000003b0       0x20 ../spi_bsp/\libhal_bsp.a(alt_io_redirect.o)
 .debug_aranges
                0x00000000000003d0       0x20 ../spi_bsp/\libhal_bsp.a(alt_open.o)
 .debug_aranges
                0x00000000000003f0       0x20 ../spi_bsp/\libhal_bsp.a(alt_release_fd.o)
 .debug_aranges
                0x0000000000000410       0x20 ../spi_bsp/\libhal_bsp.a(altera_nios2_gen2_irq.o)
 .debug_aranges
                0x0000000000000430       0x20 ../spi_bsp/\libhal_bsp.a(alt_find_dev.o)
 .debug_aranges
                0x0000000000000450       0x20 ../spi_bsp/\libhal_bsp.a(alt_find_file.o)
 .debug_aranges
                0x0000000000000470       0x20 ../spi_bsp/\libhal_bsp.a(alt_get_fd.o)
 .debug_aranges
                0x0000000000000490       0x20 c:/intelfpga_lite/18.1/nios2eds/bin/gnu/h-x86_64-mingw32/bin/../lib/gcc/nios2-elf/5.3.0/../../../../../H-x86_64-mingw32/nios2-elf/lib/mno-hw-mul\libsmallc.a(lib_a-atexit.o)
 .debug_aranges
                0x00000000000004b0       0x20 c:/intelfpga_lite/18.1/nios2eds/bin/gnu/h-x86_64-mingw32/bin/../lib/gcc/nios2-elf/5.3.0/../../../../../H-x86_64-mingw32/nios2-elf/lib/mno-hw-mul\libsmallc.a(lib_a-exit.o)
 .debug_aranges
                0x00000000000004d0       0x20 c:/intelfpga_lite/18.1/nios2eds/bin/gnu/h-x86_64-mingw32/bin/../lib/gcc/nios2-elf/5.3.0/../../../../../H-x86_64-mingw32/nios2-elf/lib/mno-hw-mul\libsmallc.a(lib_a-memcmp.o)
 .debug_aranges
                0x00000000000004f0       0x20 c:/intelfpga_lite/18.1/nios2eds/bin/gnu/h-x86_64-mingw32/bin/../lib/gcc/nios2-elf/5.3.0/../../../../../H-x86_64-mingw32/nios2-elf/lib/mno-hw-mul\libsmallc.a(lib_a-__atexit.o)
 .debug_aranges
                0x0000000000000510       0x20 c:/intelfpga_lite/18.1/nios2eds/bin/gnu/h-x86_64-mingw32/bin/../lib/gcc/nios2-elf/5.3.0/../../../../../H-x86_64-mingw32/nios2-elf/lib/mno-hw-mul\libsmallc.a(lib_a-__call_atexit.o)
 .debug_aranges
                0x0000000000000530       0x20 ../spi_bsp/\libhal_bsp.a(alt_exit.o)

.debug_pubnames
 *(.debug_pubnames)

.debug_info     0x0000000000000000     0x74bc
 *(.debug_info .gnu.linkonce.wi.*)
 .debug_info    0x0000000000000000       0x5b ../spi_bsp//obj/HAL/src/crt0.o
 .debug_info    0x000000000000005b       0xe8 obj/default/source.o
 .debug_info    0x0000000000000143      0x699 c:/intelfpga_lite/18.1/nios2eds/bin/gnu/h-x86_64-mingw32/bin/../lib/gcc/nios2-elf/5.3.0/../../../../../H-x86_64-mingw32/nios2-elf/lib/mno-hw-mul\libsmallc.a(lib_a-printf.o)
 .debug_info    0x00000000000007dc      0x66d c:/intelfpga_lite/18.1/nios2eds/bin/gnu/h-x86_64-mingw32/bin/../lib/gcc/nios2-elf/5.3.0/../../../../../H-x86_64-mingw32/nios2-elf/lib/mno-hw-mul\libsmallc.a(lib_a-puts.o)
 .debug_info    0x0000000000000e49       0xc9 c:/intelfpga_lite/18.1/nios2eds/bin/gnu/h-x86_64-mingw32/bin/../lib/gcc/nios2-elf/5.3.0/../../../../../H-x86_64-mingw32/nios2-elf/lib/mno-hw-mul\libsmallc.a(lib_a-strlen.o)
 .debug_info    0x0000000000000f12      0xb2b c:/intelfpga_lite/18.1/nios2eds/bin/gnu/h-x86_64-mingw32/bin/../lib/gcc/nios2-elf/5.3.0/../../../../../H-x86_64-mingw32/nios2-elf/lib/mno-hw-mul\libsmallc.a(lib_a-vfprintf.o)
 .debug_info    0x0000000000001a3d      0x62b c:/intelfpga_lite/18.1/nios2eds/bin/gnu/h-x86_64-mingw32/bin/../lib/gcc/nios2-elf/5.3.0/../../../../../H-x86_64-mingw32/nios2-elf/lib/mno-hw-mul\libsmallc.a(lib_a-fvwrite_small_dev.o)
 .debug_info    0x0000000000002068      0x5a9 c:/intelfpga_lite/18.1/nios2eds/bin/gnu/h-x86_64-mingw32/bin/../lib/gcc/nios2-elf/5.3.0/../../../../../H-x86_64-mingw32/nios2-elf/lib/mno-hw-mul\libsmallc.a(lib_a-impure.o)
 .debug_info    0x0000000000002611      0x630 c:/intelfpga_lite/18.1/nios2eds/bin/gnu/h-x86_64-mingw32/bin/../lib/gcc/nios2-elf/5.3.0/../../../../../H-x86_64-mingw32/nios2-elf/lib/mno-hw-mul\libsmallc.a(lib_a-writer.o)
 .debug_info    0x0000000000002c41       0x8a c:/intelfpga_lite/18.1/nios2eds/bin/gnu/h-x86_64-mingw32/bin/../lib/gcc/nios2-elf/5.3.0/../../../../../H-x86_64-mingw32/nios2-elf/lib/mno-hw-mul\libsmallc.a(lib_a-int_errno.o)
 .debug_info    0x0000000000002ccb      0x2c6 c:/intelfpga_lite/18.1/nios2eds/bin/gnu/h-x86_64-mingw32/bin/../lib/gcc/nios2-elf/5.3.0/mno-hw-mul\libgcc.a(lib2-divmod.o)
 .debug_info    0x0000000000002f91       0xb4 c:/intelfpga_lite/18.1/nios2eds/bin/gnu/h-x86_64-mingw32/bin/../lib/gcc/nios2-elf/5.3.0/mno-hw-mul\libgcc.a(lib2-mul.o)
 .debug_info    0x0000000000003045      0x145 ../spi_bsp/\libhal_bsp.a(alt_load.o)
 .debug_info    0x000000000000318a      0x131 ../spi_bsp/\libhal_bsp.a(alt_main.o)
 .debug_info    0x00000000000032bb       0xb0 ../spi_bsp/\libhal_bsp.a(alt_usleep.o)
 .debug_info    0x000000000000336b      0x4b7 ../spi_bsp/\libhal_bsp.a(alt_write.o)
 .debug_info    0x0000000000003822      0x3c9 ../spi_bsp/\libhal_bsp.a(alt_sys_init.o)
 .debug_info    0x0000000000003beb      0x3a7 ../spi_bsp/\libhal_bsp.a(altera_avalon_jtag_uart_fd.o)
 .debug_info    0x0000000000003f92      0x1b2 ../spi_bsp/\libhal_bsp.a(altera_avalon_jtag_uart_read.o)
 .debug_info    0x0000000000004144      0x195 ../spi_bsp/\libhal_bsp.a(altera_avalon_jtag_uart_write.o)
 .debug_info    0x00000000000042d9       0xa4 ../spi_bsp/\libhal_bsp.a(alt_busy_sleep.o)
 .debug_info    0x000000000000437d      0x321 ../spi_bsp/\libhal_bsp.a(alt_close.o)
 .debug_info    0x000000000000469e       0x92 ../spi_bsp/\libhal_bsp.a(alt_dcache_flush_all.o)
 .debug_info    0x0000000000004730      0x49c ../spi_bsp/\libhal_bsp.a(alt_dev.o)
 .debug_info    0x0000000000004bcc      0x1a9 ../spi_bsp/\libhal_bsp.a(alt_dev_llist_insert.o)
 .debug_info    0x0000000000004d75       0x83 ../spi_bsp/\libhal_bsp.a(alt_do_ctors.o)
 .debug_info    0x0000000000004df8       0x83 ../spi_bsp/\libhal_bsp.a(alt_do_dtors.o)
 .debug_info    0x0000000000004e7b       0xa6 ../spi_bsp/\libhal_bsp.a(alt_errno.o)
 .debug_info    0x0000000000004f21       0x92 ../spi_bsp/\libhal_bsp.a(alt_icache_flush_all.o)
 .debug_info    0x0000000000004fb3      0x4a5 ../spi_bsp/\libhal_bsp.a(alt_io_redirect.o)
 .debug_info    0x0000000000005458      0x3bb ../spi_bsp/\libhal_bsp.a(alt_open.o)
 .debug_info    0x0000000000005813      0x2b0 ../spi_bsp/\libhal_bsp.a(alt_release_fd.o)
 .debug_info    0x0000000000005ac3       0x92 ../spi_bsp/\libhal_bsp.a(altera_nios2_gen2_irq.o)
 .debug_info    0x0000000000005b55      0x2e9 ../spi_bsp/\libhal_bsp.a(alt_find_dev.o)
 .debug_info    0x0000000000005e3e      0x2e6 ../spi_bsp/\libhal_bsp.a(alt_find_file.o)
 .debug_info    0x0000000000006124      0x310 ../spi_bsp/\libhal_bsp.a(alt_get_fd.o)
 .debug_info    0x0000000000006434       0xfe c:/intelfpga_lite/18.1/nios2eds/bin/gnu/h-x86_64-mingw32/bin/../lib/gcc/nios2-elf/5.3.0/../../../../../H-x86_64-mingw32/nios2-elf/lib/mno-hw-mul\libsmallc.a(lib_a-atexit.o)
 .debug_info    0x0000000000006532       0xe5 c:/intelfpga_lite/18.1/nios2eds/bin/gnu/h-x86_64-mingw32/bin/../lib/gcc/nios2-elf/5.3.0/../../../../../H-x86_64-mingw32/nios2-elf/lib/mno-hw-mul\libsmallc.a(lib_a-exit.o)
 .debug_info    0x0000000000006617       0xf4 c:/intelfpga_lite/18.1/nios2eds/bin/gnu/h-x86_64-mingw32/bin/../lib/gcc/nios2-elf/5.3.0/../../../../../H-x86_64-mingw32/nios2-elf/lib/mno-hw-mul\libsmallc.a(lib_a-memcmp.o)
 .debug_info    0x000000000000670b      0x64a c:/intelfpga_lite/18.1/nios2eds/bin/gnu/h-x86_64-mingw32/bin/../lib/gcc/nios2-elf/5.3.0/../../../../../H-x86_64-mingw32/nios2-elf/lib/mno-hw-mul\libsmallc.a(lib_a-__atexit.o)
 .debug_info    0x0000000000006d55      0x67b c:/intelfpga_lite/18.1/nios2eds/bin/gnu/h-x86_64-mingw32/bin/../lib/gcc/nios2-elf/5.3.0/../../../../../H-x86_64-mingw32/nios2-elf/lib/mno-hw-mul\libsmallc.a(lib_a-__call_atexit.o)
 .debug_info    0x00000000000073d0       0xec ../spi_bsp/\libhal_bsp.a(alt_exit.o)

.debug_abbrev   0x0000000000000000     0x266b
 *(.debug_abbrev)
 .debug_abbrev  0x0000000000000000       0x12 ../spi_bsp//obj/HAL/src/crt0.o
 .debug_abbrev  0x0000000000000012       0x60 obj/default/source.o
 .debug_abbrev  0x0000000000000072      0x1ee c:/intelfpga_lite/18.1/nios2eds/bin/gnu/h-x86_64-mingw32/bin/../lib/gcc/nios2-elf/5.3.0/../../../../../H-x86_64-mingw32/nios2-elf/lib/mno-hw-mul\libsmallc.a(lib_a-printf.o)
 .debug_abbrev  0x0000000000000260      0x1d6 c:/intelfpga_lite/18.1/nios2eds/bin/gnu/h-x86_64-mingw32/bin/../lib/gcc/nios2-elf/5.3.0/../../../../../H-x86_64-mingw32/nios2-elf/lib/mno-hw-mul\libsmallc.a(lib_a-puts.o)
 .debug_abbrev  0x0000000000000436       0x7f c:/intelfpga_lite/18.1/nios2eds/bin/gnu/h-x86_64-mingw32/bin/../lib/gcc/nios2-elf/5.3.0/../../../../../H-x86_64-mingw32/nios2-elf/lib/mno-hw-mul\libsmallc.a(lib_a-strlen.o)
 .debug_abbrev  0x00000000000004b5      0x2a1 c:/intelfpga_lite/18.1/nios2eds/bin/gnu/h-x86_64-mingw32/bin/../lib/gcc/nios2-elf/5.3.0/../../../../../H-x86_64-mingw32/nios2-elf/lib/mno-hw-mul\libsmallc.a(lib_a-vfprintf.o)
 .debug_abbrev  0x0000000000000756      0x1bc c:/intelfpga_lite/18.1/nios2eds/bin/gnu/h-x86_64-mingw32/bin/../lib/gcc/nios2-elf/5.3.0/../../../../../H-x86_64-mingw32/nios2-elf/lib/mno-hw-mul\libsmallc.a(lib_a-fvwrite_small_dev.o)
 .debug_abbrev  0x0000000000000912      0x14a c:/intelfpga_lite/18.1/nios2eds/bin/gnu/h-x86_64-mingw32/bin/../lib/gcc/nios2-elf/5.3.0/../../../../../H-x86_64-mingw32/nios2-elf/lib/mno-hw-mul\libsmallc.a(lib_a-impure.o)
 .debug_abbrev  0x0000000000000a5c      0x1a6 c:/intelfpga_lite/18.1/nios2eds/bin/gnu/h-x86_64-mingw32/bin/../lib/gcc/nios2-elf/5.3.0/../../../../../H-x86_64-mingw32/nios2-elf/lib/mno-hw-mul\libsmallc.a(lib_a-writer.o)
 .debug_abbrev  0x0000000000000c02       0x37 c:/intelfpga_lite/18.1/nios2eds/bin/gnu/h-x86_64-mingw32/bin/../lib/gcc/nios2-elf/5.3.0/../../../../../H-x86_64-mingw32/nios2-elf/lib/mno-hw-mul\libsmallc.a(lib_a-int_errno.o)
 .debug_abbrev  0x0000000000000c39      0x10e c:/intelfpga_lite/18.1/nios2eds/bin/gnu/h-x86_64-mingw32/bin/../lib/gcc/nios2-elf/5.3.0/mno-hw-mul\libgcc.a(lib2-divmod.o)
 .debug_abbrev  0x0000000000000d47       0x6f c:/intelfpga_lite/18.1/nios2eds/bin/gnu/h-x86_64-mingw32/bin/../lib/gcc/nios2-elf/5.3.0/mno-hw-mul\libgcc.a(lib2-mul.o)
 .debug_abbrev  0x0000000000000db6       0x9f ../spi_bsp/\libhal_bsp.a(alt_load.o)
 .debug_abbrev  0x0000000000000e55       0xba ../spi_bsp/\libhal_bsp.a(alt_main.o)
 .debug_abbrev  0x0000000000000f0f       0x60 ../spi_bsp/\libhal_bsp.a(alt_usleep.o)
 .debug_abbrev  0x0000000000000f6f      0x133 ../spi_bsp/\libhal_bsp.a(alt_write.o)
 .debug_abbrev  0x00000000000010a2      0x157 ../spi_bsp/\libhal_bsp.a(alt_sys_init.o)
 .debug_abbrev  0x00000000000011f9       0xf7 ../spi_bsp/\libhal_bsp.a(altera_avalon_jtag_uart_fd.o)
 .debug_abbrev  0x00000000000012f0       0xd5 ../spi_bsp/\libhal_bsp.a(altera_avalon_jtag_uart_read.o)
 .debug_abbrev  0x00000000000013c5       0xd5 ../spi_bsp/\libhal_bsp.a(altera_avalon_jtag_uart_write.o)
 .debug_abbrev  0x000000000000149a       0x53 ../spi_bsp/\libhal_bsp.a(alt_busy_sleep.o)
 .debug_abbrev  0x00000000000014ed      0x11f ../spi_bsp/\libhal_bsp.a(alt_close.o)
 .debug_abbrev  0x000000000000160c       0x42 ../spi_bsp/\libhal_bsp.a(alt_dcache_flush_all.o)
 .debug_abbrev  0x000000000000164e       0xd9 ../spi_bsp/\libhal_bsp.a(alt_dev.o)
 .debug_abbrev  0x0000000000001727      0x114 ../spi_bsp/\libhal_bsp.a(alt_dev_llist_insert.o)
 .debug_abbrev  0x000000000000183b       0x79 ../spi_bsp/\libhal_bsp.a(alt_do_ctors.o)
 .debug_abbrev  0x00000000000018b4       0x79 ../spi_bsp/\libhal_bsp.a(alt_do_dtors.o)
 .debug_abbrev  0x000000000000192d       0x5a ../spi_bsp/\libhal_bsp.a(alt_errno.o)
 .debug_abbrev  0x0000000000001987       0x42 ../spi_bsp/\libhal_bsp.a(alt_icache_flush_all.o)
 .debug_abbrev  0x00000000000019c9      0x114 ../spi_bsp/\libhal_bsp.a(alt_io_redirect.o)
 .debug_abbrev  0x0000000000001add      0x148 ../spi_bsp/\libhal_bsp.a(alt_open.o)
 .debug_abbrev  0x0000000000001c25       0xde ../spi_bsp/\libhal_bsp.a(alt_release_fd.o)
 .debug_abbrev  0x0000000000001d03       0x42 ../spi_bsp/\libhal_bsp.a(altera_nios2_gen2_irq.o)
 .debug_abbrev  0x0000000000001d45       0xf0 ../spi_bsp/\libhal_bsp.a(alt_find_dev.o)
 .debug_abbrev  0x0000000000001e35       0xf0 ../spi_bsp/\libhal_bsp.a(alt_find_file.o)
 .debug_abbrev  0x0000000000001f25      0x10d ../spi_bsp/\libhal_bsp.a(alt_get_fd.o)
 .debug_abbrev  0x0000000000002032       0xaa c:/intelfpga_lite/18.1/nios2eds/bin/gnu/h-x86_64-mingw32/bin/../lib/gcc/nios2-elf/5.3.0/../../../../../H-x86_64-mingw32/nios2-elf/lib/mno-hw-mul\libsmallc.a(lib_a-atexit.o)
 .debug_abbrev  0x00000000000020dc       0x8b c:/intelfpga_lite/18.1/nios2eds/bin/gnu/h-x86_64-mingw32/bin/../lib/gcc/nios2-elf/5.3.0/../../../../../H-x86_64-mingw32/nios2-elf/lib/mno-hw-mul\libsmallc.a(lib_a-exit.o)
 .debug_abbrev  0x0000000000002167       0x7f c:/intelfpga_lite/18.1/nios2eds/bin/gnu/h-x86_64-mingw32/bin/../lib/gcc/nios2-elf/5.3.0/../../../../../H-x86_64-mingw32/nios2-elf/lib/mno-hw-mul\libsmallc.a(lib_a-memcmp.o)
 .debug_abbrev  0x00000000000021e6      0x1e6 c:/intelfpga_lite/18.1/nios2eds/bin/gnu/h-x86_64-mingw32/bin/../lib/gcc/nios2-elf/5.3.0/../../../../../H-x86_64-mingw32/nios2-elf/lib/mno-hw-mul\libsmallc.a(lib_a-__atexit.o)
 .debug_abbrev  0x00000000000023cc      0x1f6 c:/intelfpga_lite/18.1/nios2eds/bin/gnu/h-x86_64-mingw32/bin/../lib/gcc/nios2-elf/5.3.0/../../../../../H-x86_64-mingw32/nios2-elf/lib/mno-hw-mul\libsmallc.a(lib_a-__call_atexit.o)
 .debug_abbrev  0x00000000000025c2       0xa9 ../spi_bsp/\libhal_bsp.a(alt_exit.o)

.debug_line     0x0000000000000000     0x2c3b
 *(.debug_line)
 .debug_line    0x0000000000000000       0x5c ../spi_bsp//obj/HAL/src/crt0.o
 .debug_line    0x000000000000005c      0x103 obj/default/source.o
 .debug_line    0x000000000000015f      0x203 c:/intelfpga_lite/18.1/nios2eds/bin/gnu/h-x86_64-mingw32/bin/../lib/gcc/nios2-elf/5.3.0/../../../../../H-x86_64-mingw32/nios2-elf/lib/mno-hw-mul\libsmallc.a(lib_a-printf.o)
 .debug_line    0x0000000000000362      0x206 c:/intelfpga_lite/18.1/nios2eds/bin/gnu/h-x86_64-mingw32/bin/../lib/gcc/nios2-elf/5.3.0/../../../../../H-x86_64-mingw32/nios2-elf/lib/mno-hw-mul\libsmallc.a(lib_a-puts.o)
 .debug_line    0x0000000000000568      0x15c c:/intelfpga_lite/18.1/nios2eds/bin/gnu/h-x86_64-mingw32/bin/../lib/gcc/nios2-elf/5.3.0/../../../../../H-x86_64-mingw32/nios2-elf/lib/mno-hw-mul\libsmallc.a(lib_a-strlen.o)
 .debug_line    0x00000000000006c4      0x351 c:/intelfpga_lite/18.1/nios2eds/bin/gnu/h-x86_64-mingw32/bin/../lib/gcc/nios2-elf/5.3.0/../../../../../H-x86_64-mingw32/nios2-elf/lib/mno-hw-mul\libsmallc.a(lib_a-vfprintf.o)
 .debug_line    0x0000000000000a15      0x1f0 c:/intelfpga_lite/18.1/nios2eds/bin/gnu/h-x86_64-mingw32/bin/../lib/gcc/nios2-elf/5.3.0/../../../../../H-x86_64-mingw32/nios2-elf/lib/mno-hw-mul\libsmallc.a(lib_a-fvwrite_small_dev.o)
 .debug_line    0x0000000000000c05      0x156 c:/intelfpga_lite/18.1/nios2eds/bin/gnu/h-x86_64-mingw32/bin/../lib/gcc/nios2-elf/5.3.0/../../../../../H-x86_64-mingw32/nios2-elf/lib/mno-hw-mul\libsmallc.a(lib_a-impure.o)
 .debug_line    0x0000000000000d5b      0x1ed c:/intelfpga_lite/18.1/nios2eds/bin/gnu/h-x86_64-mingw32/bin/../lib/gcc/nios2-elf/5.3.0/../../../../../H-x86_64-mingw32/nios2-elf/lib/mno-hw-mul\libsmallc.a(lib_a-writer.o)
 .debug_line    0x0000000000000f48       0x5f c:/intelfpga_lite/18.1/nios2eds/bin/gnu/h-x86_64-mingw32/bin/../lib/gcc/nios2-elf/5.3.0/../../../../../H-x86_64-mingw32/nios2-elf/lib/mno-hw-mul\libsmallc.a(lib_a-int_errno.o)
 .debug_line    0x0000000000000fa7      0x105 c:/intelfpga_lite/18.1/nios2eds/bin/gnu/h-x86_64-mingw32/bin/../lib/gcc/nios2-elf/5.3.0/mno-hw-mul\libgcc.a(lib2-divmod.o)
 .debug_line    0x00000000000010ac       0x80 c:/intelfpga_lite/18.1/nios2eds/bin/gnu/h-x86_64-mingw32/bin/../lib/gcc/nios2-elf/5.3.0/mno-hw-mul\libgcc.a(lib2-mul.o)
 .debug_line    0x000000000000112c       0x8e ../spi_bsp/\libhal_bsp.a(alt_load.o)
 .debug_line    0x00000000000011ba       0xa4 ../spi_bsp/\libhal_bsp.a(alt_main.o)
 .debug_line    0x000000000000125e       0xad ../spi_bsp/\libhal_bsp.a(alt_usleep.o)
 .debug_line    0x000000000000130b      0x1db ../spi_bsp/\libhal_bsp.a(alt_write.o)
 .debug_line    0x00000000000014e6      0x128 ../spi_bsp/\libhal_bsp.a(alt_sys_init.o)
 .debug_line    0x000000000000160e      0x112 ../spi_bsp/\libhal_bsp.a(altera_avalon_jtag_uart_fd.o)
 .debug_line    0x0000000000001720       0xfd ../spi_bsp/\libhal_bsp.a(altera_avalon_jtag_uart_read.o)
 .debug_line    0x000000000000181d       0xf4 ../spi_bsp/\libhal_bsp.a(altera_avalon_jtag_uart_write.o)
 .debug_line    0x0000000000001911       0x4d ../spi_bsp/\libhal_bsp.a(alt_busy_sleep.o)
 .debug_line    0x000000000000195e      0x165 ../spi_bsp/\libhal_bsp.a(alt_close.o)
 .debug_line    0x0000000000001ac3       0x51 ../spi_bsp/\libhal_bsp.a(alt_dcache_flush_all.o)
 .debug_line    0x0000000000001b14       0xf8 ../spi_bsp/\libhal_bsp.a(alt_dev.o)
 .debug_line    0x0000000000001c0c       0xcf ../spi_bsp/\libhal_bsp.a(alt_dev_llist_insert.o)
 .debug_line    0x0000000000001cdb       0x59 ../spi_bsp/\libhal_bsp.a(alt_do_ctors.o)
 .debug_line    0x0000000000001d34       0x59 ../spi_bsp/\libhal_bsp.a(alt_do_dtors.o)
 .debug_line    0x0000000000001d8d       0x51 ../spi_bsp/\libhal_bsp.a(alt_errno.o)
 .debug_line    0x0000000000001dde       0x4f ../spi_bsp/\libhal_bsp.a(alt_icache_flush_all.o)
 .debug_line    0x0000000000001e2d      0x135 ../spi_bsp/\libhal_bsp.a(alt_io_redirect.o)
 .debug_line    0x0000000000001f62      0x12b ../spi_bsp/\libhal_bsp.a(alt_open.o)
 .debug_line    0x000000000000208d       0xb0 ../spi_bsp/\libhal_bsp.a(alt_release_fd.o)
 .debug_line    0x000000000000213d       0x51 ../spi_bsp/\libhal_bsp.a(altera_nios2_gen2_irq.o)
 .debug_line    0x000000000000218e       0xb5 ../spi_bsp/\libhal_bsp.a(alt_find_dev.o)
 .debug_line    0x0000000000002243       0xd1 ../spi_bsp/\libhal_bsp.a(alt_find_file.o)
 .debug_line    0x0000000000002314       0xd7 ../spi_bsp/\libhal_bsp.a(alt_get_fd.o)
 .debug_line    0x00000000000023eb       0xe7 c:/intelfpga_lite/18.1/nios2eds/bin/gnu/h-x86_64-mingw32/bin/../lib/gcc/nios2-elf/5.3.0/../../../../../H-x86_64-mingw32/nios2-elf/lib/mno-hw-mul\libsmallc.a(lib_a-atexit.o)
 .debug_line    0x00000000000024d2      0x159 c:/intelfpga_lite/18.1/nios2eds/bin/gnu/h-x86_64-mingw32/bin/../lib/gcc/nios2-elf/5.3.0/../../../../../H-x86_64-mingw32/nios2-elf/lib/mno-hw-mul\libsmallc.a(lib_a-exit.o)
 .debug_line    0x000000000000262b      0x160 c:/intelfpga_lite/18.1/nios2eds/bin/gnu/h-x86_64-mingw32/bin/../lib/gcc/nios2-elf/5.3.0/../../../../../H-x86_64-mingw32/nios2-elf/lib/mno-hw-mul\libsmallc.a(lib_a-memcmp.o)
 .debug_line    0x000000000000278b      0x20d c:/intelfpga_lite/18.1/nios2eds/bin/gnu/h-x86_64-mingw32/bin/../lib/gcc/nios2-elf/5.3.0/../../../../../H-x86_64-mingw32/nios2-elf/lib/mno-hw-mul\libsmallc.a(lib_a-__atexit.o)
 .debug_line    0x0000000000002998      0x232 c:/intelfpga_lite/18.1/nios2eds/bin/gnu/h-x86_64-mingw32/bin/../lib/gcc/nios2-elf/5.3.0/../../../../../H-x86_64-mingw32/nios2-elf/lib/mno-hw-mul\libsmallc.a(lib_a-__call_atexit.o)
 .debug_line    0x0000000000002bca       0x71 ../spi_bsp/\libhal_bsp.a(alt_exit.o)

.debug_frame    0x0000000000000000      0xa14
 *(.debug_frame)
 .debug_frame   0x0000000000000000       0x2c obj/default/source.o
 .debug_frame   0x000000000000002c       0x48 c:/intelfpga_lite/18.1/nios2eds/bin/gnu/h-x86_64-mingw32/bin/../lib/gcc/nios2-elf/5.3.0/../../../../../H-x86_64-mingw32/nios2-elf/lib/mno-hw-mul\libsmallc.a(lib_a-printf.o)
 .debug_frame   0x0000000000000074       0x48 c:/intelfpga_lite/18.1/nios2eds/bin/gnu/h-x86_64-mingw32/bin/../lib/gcc/nios2-elf/5.3.0/../../../../../H-x86_64-mingw32/nios2-elf/lib/mno-hw-mul\libsmallc.a(lib_a-puts.o)
 .debug_frame   0x00000000000000bc       0x20 c:/intelfpga_lite/18.1/nios2eds/bin/gnu/h-x86_64-mingw32/bin/../lib/gcc/nios2-elf/5.3.0/../../../../../H-x86_64-mingw32/nios2-elf/lib/mno-hw-mul\libsmallc.a(lib_a-strlen.o)
 .debug_frame   0x00000000000000dc       0x8c c:/intelfpga_lite/18.1/nios2eds/bin/gnu/h-x86_64-mingw32/bin/../lib/gcc/nios2-elf/5.3.0/../../../../../H-x86_64-mingw32/nios2-elf/lib/mno-hw-mul\libsmallc.a(lib_a-vfprintf.o)
 .debug_frame   0x0000000000000168       0x58 c:/intelfpga_lite/18.1/nios2eds/bin/gnu/h-x86_64-mingw32/bin/../lib/gcc/nios2-elf/5.3.0/../../../../../H-x86_64-mingw32/nios2-elf/lib/mno-hw-mul\libsmallc.a(lib_a-fvwrite_small_dev.o)
 .debug_frame   0x00000000000001c0       0x38 c:/intelfpga_lite/18.1/nios2eds/bin/gnu/h-x86_64-mingw32/bin/../lib/gcc/nios2-elf/5.3.0/../../../../../H-x86_64-mingw32/nios2-elf/lib/mno-hw-mul\libsmallc.a(lib_a-writer.o)
 .debug_frame   0x00000000000001f8       0x50 c:/intelfpga_lite/18.1/nios2eds/bin/gnu/h-x86_64-mingw32/bin/../lib/gcc/nios2-elf/5.3.0/mno-hw-mul\libgcc.a(lib2-divmod.o)
 .debug_frame   0x0000000000000248       0x20 c:/intelfpga_lite/18.1/nios2eds/bin/gnu/h-x86_64-mingw32/bin/../lib/gcc/nios2-elf/5.3.0/mno-hw-mul\libgcc.a(lib2-mul.o)
 .debug_frame   0x0000000000000268       0x5c ../spi_bsp/\libhal_bsp.a(alt_load.o)
 .debug_frame   0x00000000000002c4       0x2c ../spi_bsp/\libhal_bsp.a(alt_main.o)
 .debug_frame   0x00000000000002f0       0x38 ../spi_bsp/\libhal_bsp.a(alt_usleep.o)
 .debug_frame   0x0000000000000328       0x60 ../spi_bsp/\libhal_bsp.a(alt_write.o)
 .debug_frame   0x0000000000000388       0x88 ../spi_bsp/\libhal_bsp.a(alt_sys_init.o)
 .debug_frame   0x0000000000000410       0x60 ../spi_bsp/\libhal_bsp.a(altera_avalon_jtag_uart_fd.o)
 .debug_frame   0x0000000000000470       0x34 ../spi_bsp/\libhal_bsp.a(altera_avalon_jtag_uart_read.o)
 .debug_frame   0x00000000000004a4       0x34 ../spi_bsp/\libhal_bsp.a(altera_avalon_jtag_uart_write.o)
 .debug_frame   0x00000000000004d8       0x34 ../spi_bsp/\libhal_bsp.a(alt_busy_sleep.o)
 .debug_frame   0x000000000000050c       0x60 ../spi_bsp/\libhal_bsp.a(alt_close.o)
 .debug_frame   0x000000000000056c       0x34 ../spi_bsp/\libhal_bsp.a(alt_dcache_flush_all.o)
 .debug_frame   0x00000000000005a0       0x34 ../spi_bsp/\libhal_bsp.a(alt_dev.o)
 .debug_frame   0x00000000000005d4       0x60 ../spi_bsp/\libhal_bsp.a(alt_dev_llist_insert.o)
 .debug_frame   0x0000000000000634       0x38 ../spi_bsp/\libhal_bsp.a(alt_do_ctors.o)
 .debug_frame   0x000000000000066c       0x38 ../spi_bsp/\libhal_bsp.a(alt_do_dtors.o)
 .debug_frame   0x00000000000006a4       0x34 ../spi_bsp/\libhal_bsp.a(alt_icache_flush_all.o)
 .debug_frame   0x00000000000006d8       0x64 ../spi_bsp/\libhal_bsp.a(alt_io_redirect.o)
 .debug_frame   0x000000000000073c       0x8c ../spi_bsp/\libhal_bsp.a(alt_open.o)
 .debug_frame   0x00000000000007c8       0x3c ../spi_bsp/\libhal_bsp.a(alt_release_fd.o)
 .debug_frame   0x0000000000000804       0x34 ../spi_bsp/\libhal_bsp.a(altera_nios2_gen2_irq.o)
 .debug_frame   0x0000000000000838       0x38 ../spi_bsp/\libhal_bsp.a(alt_find_dev.o)
 .debug_frame   0x0000000000000870       0x38 ../spi_bsp/\libhal_bsp.a(alt_find_file.o)
 .debug_frame   0x00000000000008a8       0x3c ../spi_bsp/\libhal_bsp.a(alt_get_fd.o)
 .debug_frame   0x00000000000008e4       0x20 c:/intelfpga_lite/18.1/nios2eds/bin/gnu/h-x86_64-mingw32/bin/../lib/gcc/nios2-elf/5.3.0/../../../../../H-x86_64-mingw32/nios2-elf/lib/mno-hw-mul\libsmallc.a(lib_a-atexit.o)
 .debug_frame   0x0000000000000904       0x28 c:/intelfpga_lite/18.1/nios2eds/bin/gnu/h-x86_64-mingw32/bin/../lib/gcc/nios2-elf/5.3.0/../../../../../H-x86_64-mingw32/nios2-elf/lib/mno-hw-mul\libsmallc.a(lib_a-exit.o)
 .debug_frame   0x000000000000092c       0x20 c:/intelfpga_lite/18.1/nios2eds/bin/gnu/h-x86_64-mingw32/bin/../lib/gcc/nios2-elf/5.3.0/../../../../../H-x86_64-mingw32/nios2-elf/lib/mno-hw-mul\libsmallc.a(lib_a-memcmp.o)
 .debug_frame   0x000000000000094c       0x48 c:/intelfpga_lite/18.1/nios2eds/bin/gnu/h-x86_64-mingw32/bin/../lib/gcc/nios2-elf/5.3.0/../../../../../H-x86_64-mingw32/nios2-elf/lib/mno-hw-mul\libsmallc.a(lib_a-__atexit.o)
 .debug_frame   0x0000000000000994       0x54 c:/intelfpga_lite/18.1/nios2eds/bin/gnu/h-x86_64-mingw32/bin/../lib/gcc/nios2-elf/5.3.0/../../../../../H-x86_64-mingw32/nios2-elf/lib/mno-hw-mul\libsmallc.a(lib_a-__call_atexit.o)
 .debug_frame   0x00000000000009e8       0x2c ../spi_bsp/\libhal_bsp.a(alt_exit.o)

.debug_str      0x0000000000000000     0x16de
 *(.debug_str)
 .debug_str     0x0000000000000000       0xfd obj/default/source.o
                                        0x141 (size before relaxing)
 .debug_str     0x00000000000000fd      0x429 c:/intelfpga_lite/18.1/nios2eds/bin/gnu/h-x86_64-mingw32/bin/../lib/gcc/nios2-elf/5.3.0/../../../../../H-x86_64-mingw32/nios2-elf/lib/mno-hw-mul\libsmallc.a(lib_a-printf.o)
                                        0x504 (size before relaxing)
 .debug_str     0x0000000000000526       0x63 c:/intelfpga_lite/18.1/nios2eds/bin/gnu/h-x86_64-mingw32/bin/../lib/gcc/nios2-elf/5.3.0/../../../../../H-x86_64-mingw32/nios2-elf/lib/mno-hw-mul\libsmallc.a(lib_a-puts.o)
                                        0x4cd (size before relaxing)
 .debug_str     0x0000000000000589       0xd2 c:/intelfpga_lite/18.1/nios2eds/bin/gnu/h-x86_64-mingw32/bin/../lib/gcc/nios2-elf/5.3.0/../../../../../H-x86_64-mingw32/nios2-elf/lib/mno-hw-mul\libsmallc.a(lib_a-strlen.o)
                                        0x1e5 (size before relaxing)
 .debug_str     0x000000000000065b      0x1f8 c:/intelfpga_lite/18.1/nios2eds/bin/gnu/h-x86_64-mingw32/bin/../lib/gcc/nios2-elf/5.3.0/../../../../../H-x86_64-mingw32/nios2-elf/lib/mno-hw-mul\libsmallc.a(lib_a-vfprintf.o)
                                        0x67f (size before relaxing)
 .debug_str     0x0000000000000853       0x63 c:/intelfpga_lite/18.1/nios2eds/bin/gnu/h-x86_64-mingw32/bin/../lib/gcc/nios2-elf/5.3.0/../../../../../H-x86_64-mingw32/nios2-elf/lib/mno-hw-mul\libsmallc.a(lib_a-fvwrite_small_dev.o)
                                        0x4d4 (size before relaxing)
 .debug_str     0x00000000000008b6       0xef c:/intelfpga_lite/18.1/nios2eds/bin/gnu/h-x86_64-mingw32/bin/../lib/gcc/nios2-elf/5.3.0/../../../../../H-x86_64-mingw32/nios2-elf/lib/mno-hw-mul\libsmallc.a(lib_a-impure.o)
                                        0x4be (size before relaxing)
 .debug_str     0x00000000000009a5       0x45 c:/intelfpga_lite/18.1/nios2eds/bin/gnu/h-x86_64-mingw32/bin/../lib/gcc/nios2-elf/5.3.0/../../../../../H-x86_64-mingw32/nios2-elf/lib/mno-hw-mul\libsmallc.a(lib_a-writer.o)
                                        0x4b8 (size before relaxing)
 .debug_str     0x00000000000009ea       0x3f c:/intelfpga_lite/18.1/nios2eds/bin/gnu/h-x86_64-mingw32/bin/../lib/gcc/nios2-elf/5.3.0/../../../../../H-x86_64-mingw32/nios2-elf/lib/mno-hw-mul\libsmallc.a(lib_a-int_errno.o)
                                        0x1d8 (size before relaxing)
 .debug_str     0x0000000000000a29      0x187 c:/intelfpga_lite/18.1/nios2eds/bin/gnu/h-x86_64-mingw32/bin/../lib/gcc/nios2-elf/5.3.0/mno-hw-mul\libgcc.a(lib2-divmod.o)
                                        0x1d2 (size before relaxing)
 .debug_str     0x0000000000000bb0       0x40 c:/intelfpga_lite/18.1/nios2eds/bin/gnu/h-x86_64-mingw32/bin/../lib/gcc/nios2-elf/5.3.0/mno-hw-mul\libgcc.a(lib2-mul.o)
                                        0x193 (size before relaxing)
 .debug_str     0x0000000000000bf0      0x118 ../spi_bsp/\libhal_bsp.a(alt_load.o)
                                        0x1ff (size before relaxing)
 .debug_str     0x0000000000000d08       0x70 ../spi_bsp/\libhal_bsp.a(alt_main.o)
                                        0x18a (size before relaxing)
 .debug_str     0x0000000000000d78       0x27 ../spi_bsp/\libhal_bsp.a(alt_usleep.o)
                                        0x135 (size before relaxing)
 .debug_str     0x0000000000000d9f      0x15f ../spi_bsp/\libhal_bsp.a(alt_write.o)
                                        0x2e5 (size before relaxing)
 .debug_str     0x0000000000000efe      0x105 ../spi_bsp/\libhal_bsp.a(alt_sys_init.o)
                                        0x2c1 (size before relaxing)
 .debug_str     0x0000000000001003       0x77 ../spi_bsp/\libhal_bsp.a(altera_avalon_jtag_uart_fd.o)
                                        0x2c2 (size before relaxing)
 .debug_str     0x000000000000107a       0x48 ../spi_bsp/\libhal_bsp.a(altera_avalon_jtag_uart_read.o)
                                        0x20c (size before relaxing)
 .debug_str     0x00000000000010c2       0x4a ../spi_bsp/\libhal_bsp.a(altera_avalon_jtag_uart_write.o)
                                        0x202 (size before relaxing)
 .debug_str     0x000000000000110c       0x28 ../spi_bsp/\libhal_bsp.a(alt_busy_sleep.o)
                                        0x136 (size before relaxing)
 .debug_str     0x0000000000001134       0x1b ../spi_bsp/\libhal_bsp.a(alt_close.o)
                                        0x1f8 (size before relaxing)
 .debug_str     0x000000000000114f       0x34 ../spi_bsp/\libhal_bsp.a(alt_dcache_flush_all.o)
                                        0x142 (size before relaxing)
 .debug_str     0x0000000000001183       0x50 ../spi_bsp/\libhal_bsp.a(alt_dev.o)
                                        0x2f2 (size before relaxing)
 .debug_str     0x00000000000011d3       0x4b ../spi_bsp/\libhal_bsp.a(alt_dev_llist_insert.o)
                                        0x1b9 (size before relaxing)
 .debug_str     0x000000000000121e       0x48 ../spi_bsp/\libhal_bsp.a(alt_do_ctors.o)
                                         0xbd (size before relaxing)
 .debug_str     0x0000000000001266       0x4c ../spi_bsp/\libhal_bsp.a(alt_do_dtors.o)
                                         0xbc (size before relaxing)
 .debug_str     0x00000000000012b2       0x14 ../spi_bsp/\libhal_bsp.a(alt_errno.o)
                                        0x132 (size before relaxing)
 .debug_str     0x00000000000012c6       0x34 ../spi_bsp/\libhal_bsp.a(alt_icache_flush_all.o)
                                        0x142 (size before relaxing)
 .debug_str     0x00000000000012fa       0x56 ../spi_bsp/\libhal_bsp.a(alt_io_redirect.o)
                                        0x303 (size before relaxing)
 .debug_str     0x0000000000001350       0x36 ../spi_bsp/\libhal_bsp.a(alt_open.o)
                                        0x238 (size before relaxing)
 .debug_str     0x0000000000001386       0x28 ../spi_bsp/\libhal_bsp.a(alt_release_fd.o)
                                        0x1c0 (size before relaxing)
 .debug_str     0x00000000000013ae       0x3b ../spi_bsp/\libhal_bsp.a(altera_nios2_gen2_irq.o)
                                        0x149 (size before relaxing)
 .debug_str     0x00000000000013e9       0x24 ../spi_bsp/\libhal_bsp.a(alt_find_dev.o)
                                        0x1d9 (size before relaxing)
 .debug_str     0x000000000000140d       0x26 ../spi_bsp/\libhal_bsp.a(alt_find_file.o)
                                        0x1e7 (size before relaxing)
 .debug_str     0x0000000000001433       0x30 ../spi_bsp/\libhal_bsp.a(alt_get_fd.o)
                                        0x209 (size before relaxing)
 .debug_str     0x0000000000001463      0x116 c:/intelfpga_lite/18.1/nios2eds/bin/gnu/h-x86_64-mingw32/bin/../lib/gcc/nios2-elf/5.3.0/../../../../../H-x86_64-mingw32/nios2-elf/lib/mno-hw-mul\libsmallc.a(lib_a-atexit.o)
                                        0x21c (size before relaxing)
 .debug_str     0x0000000000001579       0x4c c:/intelfpga_lite/18.1/nios2eds/bin/gnu/h-x86_64-mingw32/bin/../lib/gcc/nios2-elf/5.3.0/../../../../../H-x86_64-mingw32/nios2-elf/lib/mno-hw-mul\libsmallc.a(lib_a-exit.o)
                                        0x1f0 (size before relaxing)
 .debug_str     0x00000000000015c5       0x44 c:/intelfpga_lite/18.1/nios2eds/bin/gnu/h-x86_64-mingw32/bin/../lib/gcc/nios2-elf/5.3.0/../../../../../H-x86_64-mingw32/nios2-elf/lib/mno-hw-mul\libsmallc.a(lib_a-memcmp.o)
                                        0x1df (size before relaxing)
 .debug_str     0x0000000000001609       0x46 c:/intelfpga_lite/18.1/nios2eds/bin/gnu/h-x86_64-mingw32/bin/../lib/gcc/nios2-elf/5.3.0/../../../../../H-x86_64-mingw32/nios2-elf/lib/mno-hw-mul\libsmallc.a(lib_a-__atexit.o)
                                        0x4ff (size before relaxing)
 .debug_str     0x000000000000164f       0x65 c:/intelfpga_lite/18.1/nios2eds/bin/gnu/h-x86_64-mingw32/bin/../lib/gcc/nios2-elf/5.3.0/../../../../../H-x86_64-mingw32/nios2-elf/lib/mno-hw-mul\libsmallc.a(lib_a-__call_atexit.o)
                                        0x4eb (size before relaxing)
 .debug_str     0x00000000000016b4       0x2a ../spi_bsp/\libhal_bsp.a(alt_exit.o)
                                        0x13e (size before relaxing)

.debug_loc      0x0000000000000000     0x15da
 *(.debug_loc)
 .debug_loc     0x0000000000000000       0xc6 c:/intelfpga_lite/18.1/nios2eds/bin/gnu/h-x86_64-mingw32/bin/../lib/gcc/nios2-elf/5.3.0/../../../../../H-x86_64-mingw32/nios2-elf/lib/mno-hw-mul\libsmallc.a(lib_a-printf.o)
 .debug_loc     0x00000000000000c6       0x97 c:/intelfpga_lite/18.1/nios2eds/bin/gnu/h-x86_64-mingw32/bin/../lib/gcc/nios2-elf/5.3.0/../../../../../H-x86_64-mingw32/nios2-elf/lib/mno-hw-mul\libsmallc.a(lib_a-puts.o)
 .debug_loc     0x000000000000015d       0x1e c:/intelfpga_lite/18.1/nios2eds/bin/gnu/h-x86_64-mingw32/bin/../lib/gcc/nios2-elf/5.3.0/../../../../../H-x86_64-mingw32/nios2-elf/lib/mno-hw-mul\libsmallc.a(lib_a-strlen.o)
 .debug_loc     0x000000000000017b      0x954 c:/intelfpga_lite/18.1/nios2eds/bin/gnu/h-x86_64-mingw32/bin/../lib/gcc/nios2-elf/5.3.0/../../../../../H-x86_64-mingw32/nios2-elf/lib/mno-hw-mul\libsmallc.a(lib_a-vfprintf.o)
 .debug_loc     0x0000000000000acf      0x110 c:/intelfpga_lite/18.1/nios2eds/bin/gnu/h-x86_64-mingw32/bin/../lib/gcc/nios2-elf/5.3.0/../../../../../H-x86_64-mingw32/nios2-elf/lib/mno-hw-mul\libsmallc.a(lib_a-fvwrite_small_dev.o)
 .debug_loc     0x0000000000000bdf       0xa5 c:/intelfpga_lite/18.1/nios2eds/bin/gnu/h-x86_64-mingw32/bin/../lib/gcc/nios2-elf/5.3.0/../../../../../H-x86_64-mingw32/nios2-elf/lib/mno-hw-mul\libsmallc.a(lib_a-writer.o)
 .debug_loc     0x0000000000000c84      0x4ce c:/intelfpga_lite/18.1/nios2eds/bin/gnu/h-x86_64-mingw32/bin/../lib/gcc/nios2-elf/5.3.0/mno-hw-mul\libgcc.a(lib2-divmod.o)
 .debug_loc     0x0000000000001152       0x93 c:/intelfpga_lite/18.1/nios2eds/bin/gnu/h-x86_64-mingw32/bin/../lib/gcc/nios2-elf/5.3.0/mno-hw-mul\libgcc.a(lib2-mul.o)
 .debug_loc     0x00000000000011e5       0x2c c:/intelfpga_lite/18.1/nios2eds/bin/gnu/h-x86_64-mingw32/bin/../lib/gcc/nios2-elf/5.3.0/../../../../../H-x86_64-mingw32/nios2-elf/lib/mno-hw-mul\libsmallc.a(lib_a-atexit.o)
 .debug_loc     0x0000000000001211       0x1e c:/intelfpga_lite/18.1/nios2eds/bin/gnu/h-x86_64-mingw32/bin/../lib/gcc/nios2-elf/5.3.0/../../../../../H-x86_64-mingw32/nios2-elf/lib/mno-hw-mul\libsmallc.a(lib_a-exit.o)
 .debug_loc     0x000000000000122f       0x94 c:/intelfpga_lite/18.1/nios2eds/bin/gnu/h-x86_64-mingw32/bin/../lib/gcc/nios2-elf/5.3.0/../../../../../H-x86_64-mingw32/nios2-elf/lib/mno-hw-mul\libsmallc.a(lib_a-memcmp.o)
 .debug_loc     0x00000000000012c3      0x1c0 c:/intelfpga_lite/18.1/nios2eds/bin/gnu/h-x86_64-mingw32/bin/../lib/gcc/nios2-elf/5.3.0/../../../../../H-x86_64-mingw32/nios2-elf/lib/mno-hw-mul\libsmallc.a(lib_a-__atexit.o)
 .debug_loc     0x0000000000001483      0x157 c:/intelfpga_lite/18.1/nios2eds/bin/gnu/h-x86_64-mingw32/bin/../lib/gcc/nios2-elf/5.3.0/../../../../../H-x86_64-mingw32/nios2-elf/lib/mno-hw-mul\libsmallc.a(lib_a-__call_atexit.o)

.debug_macinfo
 *(.debug_macinfo)

.debug_weaknames
 *(.debug_weaknames)

.debug_funcnames
 *(.debug_funcnames)

.debug_typenames
 *(.debug_typenames)

.debug_varnames
 *(.debug_varnames)

.debug_alt_sim_info
 *(.debug_alt_sim_info)
                0x0000000000010000                __alt_data_end = 0x10000
                0x0000000000010000                PROVIDE (__alt_stack_pointer, __alt_data_end)
                [!provide]                        PROVIDE (__alt_stack_limit, __alt_stack_base)
                [!provide]                        PROVIDE (__alt_heap_start, end)
                [!provide]                        PROVIDE (__alt_heap_limit, 0x10000)
OUTPUT(RUN_ON_HDL_SIMULATOR_ONLY_spi.elf elf32-littlenios2)

.debug_ranges   0x0000000000000000      0x240
 .debug_ranges  0x0000000000000000       0x20 ../spi_bsp//obj/HAL/src/crt0.o
 .debug_ranges  0x0000000000000020       0x18 c:/intelfpga_lite/18.1/nios2eds/bin/gnu/h-x86_64-mingw32/bin/../lib/gcc/nios2-elf/5.3.0/../../../../../H-x86_64-mingw32/nios2-elf/lib/mno-hw-mul\libsmallc.a(lib_a-printf.o)
 .debug_ranges  0x0000000000000038       0x18 c:/intelfpga_lite/18.1/nios2eds/bin/gnu/h-x86_64-mingw32/bin/../lib/gcc/nios2-elf/5.3.0/../../../../../H-x86_64-mingw32/nios2-elf/lib/mno-hw-mul\libsmallc.a(lib_a-puts.o)
 .debug_ranges  0x0000000000000050       0x10 c:/intelfpga_lite/18.1/nios2eds/bin/gnu/h-x86_64-mingw32/bin/../lib/gcc/nios2-elf/5.3.0/../../../../../H-x86_64-mingw32/nios2-elf/lib/mno-hw-mul\libsmallc.a(lib_a-strlen.o)
 .debug_ranges  0x0000000000000060       0xc8 c:/intelfpga_lite/18.1/nios2eds/bin/gnu/h-x86_64-mingw32/bin/../lib/gcc/nios2-elf/5.3.0/../../../../../H-x86_64-mingw32/nios2-elf/lib/mno-hw-mul\libsmallc.a(lib_a-vfprintf.o)
 .debug_ranges  0x0000000000000128       0x28 c:/intelfpga_lite/18.1/nios2eds/bin/gnu/h-x86_64-mingw32/bin/../lib/gcc/nios2-elf/5.3.0/../../../../../H-x86_64-mingw32/nios2-elf/lib/mno-hw-mul\libsmallc.a(lib_a-fvwrite_small_dev.o)
 .debug_ranges  0x0000000000000150       0x10 c:/intelfpga_lite/18.1/nios2eds/bin/gnu/h-x86_64-mingw32/bin/../lib/gcc/nios2-elf/5.3.0/../../../../../H-x86_64-mingw32/nios2-elf/lib/mno-hw-mul\libsmallc.a(lib_a-writer.o)
 .debug_ranges  0x0000000000000160       0x60 c:/intelfpga_lite/18.1/nios2eds/bin/gnu/h-x86_64-mingw32/bin/../lib/gcc/nios2-elf/5.3.0/mno-hw-mul\libgcc.a(lib2-divmod.o)
 .debug_ranges  0x00000000000001c0       0x18 ../spi_bsp/\libhal_bsp.a(altera_avalon_jtag_uart_read.o)
 .debug_ranges  0x00000000000001d8       0x10 c:/intelfpga_lite/18.1/nios2eds/bin/gnu/h-x86_64-mingw32/bin/../lib/gcc/nios2-elf/5.3.0/../../../../../H-x86_64-mingw32/nios2-elf/lib/mno-hw-mul\libsmallc.a(lib_a-atexit.o)
 .debug_ranges  0x00000000000001e8       0x10 c:/intelfpga_lite/18.1/nios2eds/bin/gnu/h-x86_64-mingw32/bin/../lib/gcc/nios2-elf/5.3.0/../../../../../H-x86_64-mingw32/nios2-elf/lib/mno-hw-mul\libsmallc.a(lib_a-exit.o)
 .debug_ranges  0x00000000000001f8       0x10 c:/intelfpga_lite/18.1/nios2eds/bin/gnu/h-x86_64-mingw32/bin/../lib/gcc/nios2-elf/5.3.0/../../../../../H-x86_64-mingw32/nios2-elf/lib/mno-hw-mul\libsmallc.a(lib_a-memcmp.o)
 .debug_ranges  0x0000000000000208       0x10 c:/intelfpga_lite/18.1/nios2eds/bin/gnu/h-x86_64-mingw32/bin/../lib/gcc/nios2-elf/5.3.0/../../../../../H-x86_64-mingw32/nios2-elf/lib/mno-hw-mul\libsmallc.a(lib_a-__atexit.o)
 .debug_ranges  0x0000000000000218       0x28 c:/intelfpga_lite/18.1/nios2eds/bin/gnu/h-x86_64-mingw32/bin/../lib/gcc/nios2-elf/5.3.0/../../../../../H-x86_64-mingw32/nios2-elf/lib/mno-hw-mul\libsmallc.a(lib_a-__call_atexit.o)
